2025-06-09T01:25:43.427328+00:00 ralphdaniel kernel: Booting Linux on physical CPU 0x0000000000 [0x610f0000]
2025-06-09T01:25:43.427330+00:00 ralphdaniel kernel: Linux version 6.14.0-15-generic (buildd@bos03-arm64-008) (aarch64-linux-gnu-gcc-14 (Ubuntu 14.2.0-19ubuntu2) 14.2.0, GNU ld (GNU Binutils for Ubuntu) 2.44) #15-Ubuntu SMP PREEMPT_DYNAMIC Sun Apr  6 14:37:51 UTC 2025 (Ubuntu 6.14.0-15.15-generic 6.14.0)
2025-06-09T01:25:43.427330+00:00 ralphdaniel kernel: KASLR disabled due to lack of seed
2025-06-09T01:25:43.427331+00:00 ralphdaniel kernel: Machine model: linux,dummy-virt
2025-06-09T01:25:43.427331+00:00 ralphdaniel kernel: efi: EFI v2.7 by EDK II
2025-06-09T01:25:43.427331+00:00 ralphdaniel kernel: efi: MEMATTR=0x231b08018 MOKvar=0x232d90000 INITRD=0x22f2e6a18 MEMRESERVE=0x22f2e6398 
2025-06-09T01:25:43.427331+00:00 ralphdaniel kernel: secureboot: Secure boot disabled
2025-06-09T01:25:43.427332+00:00 ralphdaniel kernel: OF: reserved mem: Reserved memory: No reserved-memory node in the DT
2025-06-09T01:25:43.427332+00:00 ralphdaniel kernel: NUMA: Faking a node at [mem 0x0000000040000000-0x0000000236ffffff]
2025-06-09T01:25:43.427332+00:00 ralphdaniel kernel: NODE_DATA(0) allocated [mem 0x2360479c0-0x23604d3ff]
2025-06-09T01:25:43.427332+00:00 ralphdaniel kernel: Zone ranges:
2025-06-09T01:25:43.427333+00:00 ralphdaniel kernel:   DMA      [mem 0x0000000040000000-0x00000000ffffffff]
2025-06-09T01:25:43.427333+00:00 ralphdaniel kernel:   DMA32    empty
2025-06-09T01:25:43.427333+00:00 ralphdaniel kernel:   Normal   [mem 0x0000000100000000-0x0000000236ffffff]
2025-06-09T01:25:43.427334+00:00 ralphdaniel kernel:   Device   empty
2025-06-09T01:25:43.427334+00:00 ralphdaniel kernel: Movable zone start for each node
2025-06-09T01:25:43.427334+00:00 ralphdaniel kernel: Early memory node ranges
2025-06-09T01:25:43.427334+00:00 ralphdaniel kernel:   node   0: [mem 0x0000000040000000-0x00000000fffeffff]
2025-06-09T01:25:43.427334+00:00 ralphdaniel kernel:   node   0: [mem 0x00000000ffff0000-0x00000000ffffffff]
2025-06-09T01:25:43.427335+00:00 ralphdaniel kernel:   node   0: [mem 0x0000000100000000-0x000000022f3bffff]
2025-06-09T01:25:43.427335+00:00 ralphdaniel kernel:   node   0: [mem 0x000000022f3c0000-0x000000022f72ffff]
2025-06-09T01:25:43.427335+00:00 ralphdaniel kernel:   node   0: [mem 0x000000022f730000-0x0000000232bfffff]
2025-06-09T01:25:43.427335+00:00 ralphdaniel kernel:   node   0: [mem 0x0000000232c00000-0x0000000232fdffff]
2025-06-09T01:25:43.427336+00:00 ralphdaniel kernel:   node   0: [mem 0x0000000232fe0000-0x0000000236ffffff]
2025-06-09T01:25:43.427336+00:00 ralphdaniel kernel: Initmem setup node 0 [mem 0x0000000040000000-0x0000000236ffffff]
2025-06-09T01:25:43.427336+00:00 ralphdaniel kernel: On node 0, zone Normal: 4096 pages in unavailable ranges
2025-06-09T01:25:43.427337+00:00 ralphdaniel kernel: cma: Reserved 32 MiB at 0x00000000fde00000 on node -1
2025-06-09T01:25:43.427337+00:00 ralphdaniel kernel: crashkernel reserved: 0x00000000dde00000 - 0x00000000fde00000 (512 MB)
2025-06-09T01:25:43.427337+00:00 ralphdaniel kernel: psci: probing for conduit method from DT.
2025-06-09T01:25:43.427337+00:00 ralphdaniel kernel: psci: PSCIv1.2 detected in firmware.
2025-06-09T01:25:43.427337+00:00 ralphdaniel kernel: psci: Using standard PSCI v0.2 function IDs
2025-06-09T01:25:43.427338+00:00 ralphdaniel kernel: psci: Trusted OS migration not required
2025-06-09T01:25:43.427338+00:00 ralphdaniel kernel: psci: SMC Calling Convention v1.0
2025-06-09T01:25:43.427338+00:00 ralphdaniel kernel: percpu: Embedded 56 pages/cpu s106264 r8192 d114920 u229376
2025-06-09T01:25:43.427338+00:00 ralphdaniel kernel: pcpu-alloc: s106264 r8192 d114920 u229376 alloc=56*4096
2025-06-09T01:25:43.427339+00:00 ralphdaniel kernel: pcpu-alloc: [0] 0 [0] 1 [0] 2 [0] 3 [0] 4 [0] 5 [0] 6 [0] 7 
2025-06-09T01:25:43.427339+00:00 ralphdaniel kernel: Detected PIPT I-cache on CPU0
2025-06-09T01:25:43.427339+00:00 ralphdaniel kernel: CPU features: detected: Address authentication (IMP DEF algorithm)
2025-06-09T01:25:43.427339+00:00 ralphdaniel kernel: CPU features: detected: Spectre-v4
2025-06-09T01:25:43.427340+00:00 ralphdaniel kernel: alternatives: applying boot alternatives
2025-06-09T01:25:43.427340+00:00 ralphdaniel kernel: Kernel command line: BOOT_IMAGE=/boot/vmlinuz-6.14.0-15-generic root=UUID=4de5bccc-8c89-484a-a7e8-4e006b749508 ro quiet splash console=tty0 crashkernel=2G-4G:320M,4G-32G:512M,32G-64G:1024M,64G-128G:2048M,128G-:4096M vt.handoff=7
2025-06-09T01:25:43.427340+00:00 ralphdaniel kernel: Unknown kernel command line parameters "splash BOOT_IMAGE=/boot/vmlinuz-6.14.0-15-generic", will be passed to user space.
2025-06-09T01:25:43.427341+00:00 ralphdaniel kernel: printk: log buffer data + meta data: 262144 + 917504 = 1179648 bytes
2025-06-09T01:25:43.427341+00:00 ralphdaniel kernel: Dentry cache hash table entries: 1048576 (order: 11, 8388608 bytes, linear)
2025-06-09T01:25:43.427341+00:00 ralphdaniel kernel: Inode-cache hash table entries: 524288 (order: 10, 4194304 bytes, linear)
2025-06-09T01:25:43.427341+00:00 ralphdaniel kernel: Fallback order for Node 0: 0 
2025-06-09T01:25:43.427342+00:00 ralphdaniel kernel: Built 1 zonelists, mobility grouping on.  Total pages: 2060288
2025-06-09T01:25:43.427342+00:00 ralphdaniel kernel: Policy zone: Normal
2025-06-09T01:25:43.427342+00:00 ralphdaniel kernel: mem auto-init: stack:all(zero), heap alloc:on, heap free:off
2025-06-09T01:25:43.427342+00:00 ralphdaniel kernel: software IO TLB: area num 8.
2025-06-09T01:25:43.427342+00:00 ralphdaniel kernel: software IO TLB: mapped [mem 0x00000000d9e00000-0x00000000dde00000] (64MB)
2025-06-09T01:25:43.427343+00:00 ralphdaniel kernel: SLUB: HWalign=64, Order=0-3, MinObjects=0, CPUs=8, Nodes=1
2025-06-09T01:25:43.427343+00:00 ralphdaniel kernel: ftrace: allocating 65851 entries in 258 pages
2025-06-09T01:25:43.427343+00:00 ralphdaniel kernel: ftrace: allocated 258 pages with 2 groups
2025-06-09T01:25:43.427344+00:00 ralphdaniel kernel: Dynamic Preempt: voluntary
2025-06-09T01:25:43.427344+00:00 ralphdaniel kernel: rcu: Preemptible hierarchical RCU implementation.
2025-06-09T01:25:43.427344+00:00 ralphdaniel kernel: rcu: 	RCU restricting CPUs from NR_CPUS=512 to nr_cpu_ids=8.
2025-06-09T01:25:43.427344+00:00 ralphdaniel kernel: 	Trampoline variant of Tasks RCU enabled.
2025-06-09T01:25:43.427345+00:00 ralphdaniel kernel: 	Rude variant of Tasks RCU enabled.
2025-06-09T01:25:43.427345+00:00 ralphdaniel kernel: 	Tracing variant of Tasks RCU enabled.
2025-06-09T01:25:43.427345+00:00 ralphdaniel kernel: rcu: RCU calculated value of scheduler-enlistment delay is 100 jiffies.
2025-06-09T01:25:43.427345+00:00 ralphdaniel kernel: rcu: Adjusting geometry for rcu_fanout_leaf=16, nr_cpu_ids=8
2025-06-09T01:25:43.427345+00:00 ralphdaniel kernel: RCU Tasks: Setting shift to 3 and lim to 1 rcu_task_cb_adjust=1 rcu_task_cpu_ids=8.
2025-06-09T01:25:43.427346+00:00 ralphdaniel kernel: RCU Tasks Rude: Setting shift to 3 and lim to 1 rcu_task_cb_adjust=1 rcu_task_cpu_ids=8.
2025-06-09T01:25:43.427346+00:00 ralphdaniel kernel: RCU Tasks Trace: Setting shift to 3 and lim to 1 rcu_task_cb_adjust=1 rcu_task_cpu_ids=8.
2025-06-09T01:25:43.427346+00:00 ralphdaniel kernel: NR_IRQS: 64, nr_irqs: 64, preallocated irqs: 0
2025-06-09T01:25:43.427347+00:00 ralphdaniel kernel: GICv3: 32 SPIs implemented
2025-06-09T01:25:43.427347+00:00 ralphdaniel kernel: GICv3: 0 Extended SPIs implemented
2025-06-09T01:25:43.427347+00:00 ralphdaniel kernel: Root IRQ handler: gic_handle_irq
2025-06-09T01:25:43.427347+00:00 ralphdaniel kernel: GICv3: GICv3 features: 16 PPIs
2025-06-09T01:25:43.427347+00:00 ralphdaniel kernel: GICv3: GICD_CTRL.DS=1, SCR_EL3.FIQ=0
2025-06-09T01:25:43.427348+00:00 ralphdaniel kernel: GICv3: CPU0: found redistributor 0 region 0:0x0000000237000000
2025-06-09T01:25:43.427348+00:00 ralphdaniel kernel: rcu: srcu_init: Setting srcu_struct sizes based on contention.
2025-06-09T01:25:43.427348+00:00 ralphdaniel kernel: arch_timer: cp15 timer(s) running at 24.00MHz (virt).
2025-06-09T01:25:43.427348+00:00 ralphdaniel kernel: clocksource: arch_sys_counter: mask: 0xffffffffffffff max_cycles: 0x588fe9dc0, max_idle_ns: 440795202592 ns
2025-06-09T01:25:43.427349+00:00 ralphdaniel kernel: sched_clock: 56 bits at 24MHz, resolution 41ns, wraps every 4398046511097ns
2025-06-09T01:25:43.427349+00:00 ralphdaniel kernel: Console: colour dummy device 80x25
2025-06-09T01:25:43.427349+00:00 ralphdaniel kernel: printk: legacy console [tty0] enabled
2025-06-09T01:25:43.427350+00:00 ralphdaniel kernel: Calibrating delay loop (skipped), value calculated using timer frequency.. 48.00 BogoMIPS (lpj=24000)
2025-06-09T01:25:43.427350+00:00 ralphdaniel kernel: pid_max: default: 32768 minimum: 301
2025-06-09T01:25:43.427350+00:00 ralphdaniel kernel: LSM: initializing lsm=lockdown,capability,landlock,yama,apparmor,ima,evm
2025-06-09T01:25:43.427350+00:00 ralphdaniel kernel: landlock: Up and running.
2025-06-09T01:25:43.427350+00:00 ralphdaniel kernel: Yama: becoming mindful.
2025-06-09T01:25:43.427351+00:00 ralphdaniel kernel: AppArmor: AppArmor initialized
2025-06-09T01:25:43.427351+00:00 ralphdaniel kernel: Mount-cache hash table entries: 16384 (order: 5, 131072 bytes, linear)
2025-06-09T01:25:43.427351+00:00 ralphdaniel kernel: Mountpoint-cache hash table entries: 16384 (order: 5, 131072 bytes, linear)
2025-06-09T01:25:43.427351+00:00 ralphdaniel kernel: cacheinfo: Unable to detect cache hierarchy for CPU 0
2025-06-09T01:25:43.427352+00:00 ralphdaniel kernel: rcu: Hierarchical SRCU implementation.
2025-06-09T01:25:43.427352+00:00 ralphdaniel kernel: rcu: 	Max phase no-delay instances is 400.
2025-06-09T01:25:43.427352+00:00 ralphdaniel kernel: Timer migration: 1 hierarchy levels; 8 children per group; 1 crossnode level
2025-06-09T01:25:43.427352+00:00 ralphdaniel kernel: Remapping and enabling EFI services.
2025-06-09T01:25:43.427353+00:00 ralphdaniel kernel: smp: Bringing up secondary CPUs ...
2025-06-09T01:25:43.427353+00:00 ralphdaniel kernel: Detected PIPT I-cache on CPU1
2025-06-09T01:25:43.427353+00:00 ralphdaniel kernel: GICv3: CPU1: found redistributor 1 region 0:0x0000000237020000
2025-06-09T01:25:43.427353+00:00 ralphdaniel kernel: CPU1: Booted secondary processor 0x0000000001 [0x610f0000]
2025-06-09T01:25:43.427353+00:00 ralphdaniel kernel: Detected PIPT I-cache on CPU2
2025-06-09T01:25:43.427354+00:00 ralphdaniel kernel: GICv3: CPU2: found redistributor 2 region 0:0x0000000237040000
2025-06-09T01:25:43.427354+00:00 ralphdaniel kernel: CPU2: Booted secondary processor 0x0000000002 [0x610f0000]
2025-06-09T01:25:43.427354+00:00 ralphdaniel kernel: Detected PIPT I-cache on CPU3
2025-06-09T01:25:43.427354+00:00 ralphdaniel kernel: GICv3: CPU3: found redistributor 3 region 0:0x0000000237060000
2025-06-09T01:25:43.427355+00:00 ralphdaniel kernel: CPU3: Booted secondary processor 0x0000000003 [0x610f0000]
2025-06-09T01:25:43.427355+00:00 ralphdaniel kernel: Detected PIPT I-cache on CPU4
2025-06-09T01:25:43.427355+00:00 ralphdaniel kernel: GICv3: CPU4: found redistributor 4 region 0:0x0000000237080000
2025-06-09T01:25:43.427356+00:00 ralphdaniel kernel: CPU4: Booted secondary processor 0x0000000004 [0x610f0000]
2025-06-09T01:25:43.427356+00:00 ralphdaniel kernel: Detected PIPT I-cache on CPU5
2025-06-09T01:25:43.427356+00:00 ralphdaniel kernel: GICv3: CPU5: found redistributor 5 region 0:0x00000002370a0000
2025-06-09T01:25:43.427356+00:00 ralphdaniel kernel: CPU5: Booted secondary processor 0x0000000005 [0x610f0000]
2025-06-09T01:25:43.427356+00:00 ralphdaniel kernel: Detected PIPT I-cache on CPU6
2025-06-09T01:25:43.427357+00:00 ralphdaniel kernel: GICv3: CPU6: found redistributor 6 region 0:0x00000002370c0000
2025-06-09T01:25:43.427358+00:00 ralphdaniel kernel: CPU6: Booted secondary processor 0x0000000006 [0x610f0000]
2025-06-09T01:25:43.427359+00:00 ralphdaniel kernel: Detected PIPT I-cache on CPU7
2025-06-09T01:25:43.427374+00:00 ralphdaniel kernel: GICv3: CPU7: found redistributor 7 region 0:0x00000002370e0000
2025-06-09T01:25:43.427374+00:00 ralphdaniel kernel: CPU7: Booted secondary processor 0x0000000007 [0x610f0000]
2025-06-09T01:25:43.427374+00:00 ralphdaniel kernel: smp: Brought up 1 node, 8 CPUs
2025-06-09T01:25:43.427375+00:00 ralphdaniel kernel: SMP: Total of 8 processors activated.
2025-06-09T01:25:43.427375+00:00 ralphdaniel kernel: CPU: All CPU(s) started at EL1
2025-06-09T01:25:43.427375+00:00 ralphdaniel kernel: CPU features: detected: ARMv8.4 Translation Table Level
2025-06-09T01:25:43.427376+00:00 ralphdaniel kernel: CPU features: detected: Data cache clean to the PoU not required for I/D coherence
2025-06-09T01:25:43.427376+00:00 ralphdaniel kernel: CPU features: detected: Common not Private translations
2025-06-09T01:25:43.427376+00:00 ralphdaniel kernel: CPU features: detected: CRC32 instructions
2025-06-09T01:25:43.427376+00:00 ralphdaniel kernel: CPU features: detected: Data cache clean to Point of Deep Persistence
2025-06-09T01:25:43.427377+00:00 ralphdaniel kernel: CPU features: detected: Data cache clean to Point of Persistence
2025-06-09T01:25:43.427377+00:00 ralphdaniel kernel: CPU features: detected: Data independent timing control (DIT)
2025-06-09T01:25:43.427377+00:00 ralphdaniel kernel: CPU features: detected: E0PD
2025-06-09T01:25:43.427377+00:00 ralphdaniel kernel: CPU features: detected: Enhanced Privileged Access Never
2025-06-09T01:25:43.427377+00:00 ralphdaniel kernel: CPU features: detected: Fine Grained Traps
2025-06-09T01:25:43.427378+00:00 ralphdaniel kernel: CPU features: detected: Generic authentication (IMP DEF algorithm)
2025-06-09T01:25:43.427378+00:00 ralphdaniel kernel: CPU features: detected: RCpc load-acquire (LDAPR)
2025-06-09T01:25:43.427378+00:00 ralphdaniel kernel: CPU features: detected: LSE atomic instructions
2025-06-09T01:25:43.427378+00:00 ralphdaniel kernel: CPU features: detected: Privileged Access Never
2025-06-09T01:25:43.427379+00:00 ralphdaniel kernel: CPU features: detected: RAS Extension Support
2025-06-09T01:25:43.427379+00:00 ralphdaniel kernel: CPU features: detected: Speculation barrier (SB)
2025-06-09T01:25:43.427379+00:00 ralphdaniel kernel: CPU features: detected: TLB range maintenance instructions
2025-06-09T01:25:43.427379+00:00 ralphdaniel kernel: alternatives: applying system-wide alternatives
2025-06-09T01:25:43.427380+00:00 ralphdaniel kernel: Memory: 7298556K/8241152K available (24640K kernel code, 5410K rwdata, 17960K rodata, 13504K init, 1194K bss, 898764K reserved, 32768K cma-reserved)
2025-06-09T01:25:43.427380+00:00 ralphdaniel kernel: devtmpfs: initialized
2025-06-09T01:25:43.427380+00:00 ralphdaniel kernel: setend instruction emulation is not supported on this system
2025-06-09T01:25:43.427380+00:00 ralphdaniel kernel: clocksource: jiffies: mask: 0xffffffff max_cycles: 0xffffffff, max_idle_ns: 1911260446275000 ns
2025-06-09T01:25:43.427381+00:00 ralphdaniel kernel: futex hash table entries: 2048 (order: 5, 131072 bytes, linear)
2025-06-09T01:25:43.427381+00:00 ralphdaniel kernel: 17040 pages in range for non-PLT usage
2025-06-09T01:25:43.427381+00:00 ralphdaniel kernel: 508560 pages in range for PLT usage
2025-06-09T01:25:43.427382+00:00 ralphdaniel kernel: pinctrl core: initialized pinctrl subsystem
2025-06-09T01:25:43.427382+00:00 ralphdaniel kernel: DMI not present or invalid.
2025-06-09T01:25:43.427382+00:00 ralphdaniel kernel: NET: Registered PF_NETLINK/PF_ROUTE protocol family
2025-06-09T01:25:43.427382+00:00 ralphdaniel kernel: DMA: preallocated 1024 KiB GFP_KERNEL pool for atomic allocations
2025-06-09T01:25:43.427382+00:00 ralphdaniel kernel: DMA: preallocated 1024 KiB GFP_KERNEL|GFP_DMA pool for atomic allocations
2025-06-09T01:25:43.427383+00:00 ralphdaniel kernel: DMA: preallocated 1024 KiB GFP_KERNEL|GFP_DMA32 pool for atomic allocations
2025-06-09T01:25:43.427383+00:00 ralphdaniel kernel: audit: initializing netlink subsys (disabled)
2025-06-09T01:25:43.427383+00:00 ralphdaniel kernel: thermal_sys: Registered thermal governor 'fair_share'
2025-06-09T01:25:43.427384+00:00 ralphdaniel kernel: thermal_sys: Registered thermal governor 'bang_bang'
2025-06-09T01:25:43.427384+00:00 ralphdaniel kernel: thermal_sys: Registered thermal governor 'step_wise'
2025-06-09T01:25:43.427384+00:00 ralphdaniel kernel: thermal_sys: Registered thermal governor 'user_space'
2025-06-09T01:25:43.427384+00:00 ralphdaniel kernel: thermal_sys: Registered thermal governor 'power_allocator'
2025-06-09T01:25:43.427385+00:00 ralphdaniel kernel: audit: type=2000 audit(0.093:1): state=initialized audit_enabled=0 res=1
2025-06-09T01:25:43.427385+00:00 ralphdaniel kernel: cpuidle: using governor ladder
2025-06-09T01:25:43.427385+00:00 ralphdaniel kernel: cpuidle: using governor menu
2025-06-09T01:25:43.427385+00:00 ralphdaniel kernel: hw-breakpoint: found 6 breakpoint and 4 watchpoint registers.
2025-06-09T01:25:43.427386+00:00 ralphdaniel kernel: ASID allocator initialised with 65536 entries
2025-06-09T01:25:43.427386+00:00 ralphdaniel kernel: Serial: AMBA PL011 UART driver
2025-06-09T01:25:43.427386+00:00 ralphdaniel kernel: HugeTLB: registered 1.00 GiB page size, pre-allocated 0 pages
2025-06-09T01:25:43.427386+00:00 ralphdaniel kernel: HugeTLB: 0 KiB vmemmap can be freed for a 1.00 GiB page
2025-06-09T01:25:43.427387+00:00 ralphdaniel kernel: HugeTLB: registered 32.0 MiB page size, pre-allocated 0 pages
2025-06-09T01:25:43.427387+00:00 ralphdaniel kernel: HugeTLB: 0 KiB vmemmap can be freed for a 32.0 MiB page
2025-06-09T01:25:43.427387+00:00 ralphdaniel kernel: HugeTLB: registered 2.00 MiB page size, pre-allocated 0 pages
2025-06-09T01:25:43.427387+00:00 ralphdaniel kernel: HugeTLB: 0 KiB vmemmap can be freed for a 2.00 MiB page
2025-06-09T01:25:43.427387+00:00 ralphdaniel kernel: HugeTLB: registered 64.0 KiB page size, pre-allocated 0 pages
2025-06-09T01:25:43.427388+00:00 ralphdaniel kernel: HugeTLB: 0 KiB vmemmap can be freed for a 64.0 KiB page
2025-06-09T01:25:43.427388+00:00 ralphdaniel kernel: ACPI: Interpreter disabled.
2025-06-09T01:25:43.427388+00:00 ralphdaniel kernel: iommu: Default domain type: Translated
2025-06-09T01:25:43.427388+00:00 ralphdaniel kernel: iommu: DMA domain TLB invalidation policy: strict mode
2025-06-09T01:25:43.427389+00:00 ralphdaniel kernel: SCSI subsystem initialized
2025-06-09T01:25:43.427389+00:00 ralphdaniel kernel: libata version 3.00 loaded.
2025-06-09T01:25:43.427389+00:00 ralphdaniel kernel: usbcore: registered new interface driver usbfs
2025-06-09T01:25:43.427390+00:00 ralphdaniel kernel: usbcore: registered new interface driver hub
2025-06-09T01:25:43.427390+00:00 ralphdaniel kernel: usbcore: registered new device driver usb
2025-06-09T01:25:43.427390+00:00 ralphdaniel kernel: pps_core: LinuxPPS API ver. 1 registered
2025-06-09T01:25:43.427390+00:00 ralphdaniel kernel: pps_core: Software ver. 5.3.6 - Copyright 2005-2007 Rodolfo Giometti <giometti@linux.it>
2025-06-09T01:25:43.427390+00:00 ralphdaniel kernel: PTP clock support registered
2025-06-09T01:25:43.427390+00:00 ralphdaniel kernel: EDAC MC: Ver: 3.0.0
2025-06-09T01:25:43.427391+00:00 ralphdaniel kernel: scmi_core: SCMI protocol bus registered
2025-06-09T01:25:43.427391+00:00 ralphdaniel kernel: efivars: Registered efivars operations
2025-06-09T01:25:43.427391+00:00 ralphdaniel kernel: NetLabel: Initializing
2025-06-09T01:25:43.427392+00:00 ralphdaniel kernel: NetLabel:  domain hash size = 128
2025-06-09T01:25:43.427392+00:00 ralphdaniel kernel: NetLabel:  protocols = UNLABELED CIPSOv4 CALIPSO
2025-06-09T01:25:43.427392+00:00 ralphdaniel kernel: NetLabel:  unlabeled traffic allowed by default
2025-06-09T01:25:43.427392+00:00 ralphdaniel kernel: mctp: management component transport protocol core
2025-06-09T01:25:43.427393+00:00 ralphdaniel kernel: NET: Registered PF_MCTP protocol family
2025-06-09T01:25:43.427393+00:00 ralphdaniel kernel: vgaarb: loaded
2025-06-09T01:25:43.427393+00:00 ralphdaniel kernel: clocksource: Switched to clocksource arch_sys_counter
2025-06-09T01:25:43.427393+00:00 ralphdaniel kernel: VFS: Disk quotas dquot_6.6.0
2025-06-09T01:25:43.427393+00:00 ralphdaniel kernel: VFS: Dquot-cache hash table entries: 512 (order 0, 4096 bytes)
2025-06-09T01:25:43.427394+00:00 ralphdaniel kernel: AppArmor: AppArmor Filesystem Enabled
2025-06-09T01:25:43.427394+00:00 ralphdaniel kernel: pnp: PnP ACPI: disabled
2025-06-09T01:25:43.427394+00:00 ralphdaniel kernel: NET: Registered PF_INET protocol family
2025-06-09T01:25:43.427395+00:00 ralphdaniel kernel: IP idents hash table entries: 131072 (order: 8, 1048576 bytes, linear)
2025-06-09T01:25:43.427395+00:00 ralphdaniel kernel: tcp_listen_portaddr_hash hash table entries: 4096 (order: 4, 65536 bytes, linear)
2025-06-09T01:25:43.427395+00:00 ralphdaniel kernel: Table-perturb hash table entries: 65536 (order: 6, 262144 bytes, linear)
2025-06-09T01:25:43.427395+00:00 ralphdaniel kernel: TCP established hash table entries: 65536 (order: 7, 524288 bytes, linear)
2025-06-09T01:25:43.427396+00:00 ralphdaniel kernel: TCP bind hash table entries: 65536 (order: 9, 2097152 bytes, linear)
2025-06-09T01:25:43.427396+00:00 ralphdaniel kernel: TCP: Hash tables configured (established 65536 bind 65536)
2025-06-09T01:25:43.427397+00:00 ralphdaniel kernel: MPTCP token hash table entries: 8192 (order: 5, 196608 bytes, linear)
2025-06-09T01:25:43.427397+00:00 ralphdaniel kernel: UDP hash table entries: 4096 (order: 6, 262144 bytes, linear)
2025-06-09T01:25:43.427397+00:00 ralphdaniel kernel: UDP-Lite hash table entries: 4096 (order: 6, 262144 bytes, linear)
2025-06-09T01:25:43.427397+00:00 ralphdaniel kernel: NET: Registered PF_UNIX/PF_LOCAL protocol family
2025-06-09T01:25:43.427399+00:00 ralphdaniel kernel: NET: Registered PF_XDP protocol family
2025-06-09T01:25:43.427399+00:00 ralphdaniel kernel: PCI: CLS 0 bytes, default 64
2025-06-09T01:25:43.427400+00:00 ralphdaniel kernel: Trying to unpack rootfs image as initramfs...
2025-06-09T01:25:43.427400+00:00 ralphdaniel kernel: kvm [1]: HYP mode not available
2025-06-09T01:25:43.427400+00:00 ralphdaniel kernel: Initialise system trusted keyrings
2025-06-09T01:25:43.427400+00:00 ralphdaniel kernel: Key type blacklist registered
2025-06-09T01:25:43.427401+00:00 ralphdaniel kernel: workingset: timestamp_bits=40 max_order=21 bucket_order=0
2025-06-09T01:25:43.427402+00:00 ralphdaniel kernel: zbud: loaded
2025-06-09T01:25:43.427402+00:00 ralphdaniel kernel: squashfs: version 4.0 (2009/01/31) Phillip Lougher
2025-06-09T01:25:43.427402+00:00 ralphdaniel kernel: fuse: init (API version 7.42)
2025-06-09T01:25:43.427403+00:00 ralphdaniel kernel: integrity: Platform Keyring initialized
2025-06-09T01:25:43.427403+00:00 ralphdaniel kernel: integrity: Machine keyring initialized
2025-06-09T01:25:43.427403+00:00 ralphdaniel kernel: Key type asymmetric registered
2025-06-09T01:25:43.427404+00:00 ralphdaniel kernel: Asymmetric key parser 'x509' registered
2025-06-09T01:25:43.427404+00:00 ralphdaniel kernel: Block layer SCSI generic (bsg) driver version 0.4 loaded (major 242)
2025-06-09T01:25:43.427405+00:00 ralphdaniel kernel: io scheduler mq-deadline registered
2025-06-09T01:25:43.427405+00:00 ralphdaniel kernel: pl061_gpio 238011000.pl061: PL061 GPIO chip registered
2025-06-09T01:25:43.427405+00:00 ralphdaniel kernel: ledtrig-cpu: registered to indicate activity on CPUs
2025-06-09T01:25:43.427405+00:00 ralphdaniel kernel: shpchp: Standard Hot Plug PCI Controller Driver version: 0.4
2025-06-09T01:25:43.427406+00:00 ralphdaniel kernel: pci-host-generic 238030000.pcie: host bridge /pcie@0000000239030000 ranges:
2025-06-09T01:25:43.427407+00:00 ralphdaniel kernel: pci-host-generic 238030000.pcie:       IO 0x0238020000..0x023802ffff -> 0x0000000000
2025-06-09T01:25:43.427407+00:00 ralphdaniel kernel: pci-host-generic 238030000.pcie:      MEM 0x0008100000..0x003fffffff -> 0x0008100000
2025-06-09T01:25:43.427407+00:00 ralphdaniel kernel: pci-host-generic 238030000.pcie:      MEM 0x0239030000..0x02b902ffff -> 0x0239030000
2025-06-09T01:25:43.427424+00:00 ralphdaniel kernel: pci-host-generic 238030000.pcie: ECAM at [mem 0x238030000-0x23902ffff] for [bus 00-0f]
2025-06-09T01:25:43.427424+00:00 ralphdaniel kernel: pci-host-generic 238030000.pcie: PCI host bridge to bus 0000:00
2025-06-09T01:25:43.427424+00:00 ralphdaniel kernel: pci_bus 0000:00: root bus resource [bus 00-0f]
2025-06-09T01:25:43.427426+00:00 ralphdaniel kernel: pci_bus 0000:00: root bus resource [io  0x0000-0xffff]
2025-06-09T01:25:43.427426+00:00 ralphdaniel kernel: pci_bus 0000:00: root bus resource [mem 0x08100000-0x3fffffff]
2025-06-09T01:25:43.427426+00:00 ralphdaniel kernel: pci_bus 0000:00: root bus resource [mem 0x239030000-0x2b902ffff]
2025-06-09T01:25:43.427426+00:00 ralphdaniel kernel: pci 0000:00:00.0: [15ad:0406] type 00 class 0x030000 conventional PCI endpoint
2025-06-09T01:25:43.427427+00:00 ralphdaniel kernel: pci 0000:00:00.0: BAR 0 [mem 0x0a400000-0x0a7fffff]
2025-06-09T01:25:43.427427+00:00 ralphdaniel kernel: pci 0000:00:00.0: BAR 2 [mem 0x09000000-0x09ffffff pref]
2025-06-09T01:25:43.427428+00:00 ralphdaniel kernel: pci 0000:00:00.0: vgaarb: setting as boot VGA device
2025-06-09T01:25:43.427428+00:00 ralphdaniel kernel: pci 0000:00:00.0: vgaarb: bridge control possible
2025-06-09T01:25:43.427428+00:00 ralphdaniel kernel: pci 0000:00:00.0: vgaarb: VGA device added: decodes=io+mem,owns=io+mem,locks=none
2025-06-09T01:25:43.427429+00:00 ralphdaniel kernel: pci 0000:00:01.0: [80ee:cafe] type 00 class 0x088000 conventional PCI endpoint
2025-06-09T01:25:43.427429+00:00 ralphdaniel kernel: pci 0000:00:01.0: BAR 0 [io  0x0000-0x001f]
2025-06-09T01:25:43.427429+00:00 ralphdaniel kernel: pci 0000:00:01.0: BAR 1 [mem 0x0a000000-0x0a3fffff]
2025-06-09T01:25:43.427429+00:00 ralphdaniel kernel: pci 0000:00:01.0: BAR 3 [mem 0x0a836000-0x0a836fff]
2025-06-09T01:25:43.427430+00:00 ralphdaniel kernel: pci 0000:00:02.0: [8086:2668] type 00 class 0x040300 conventional PCI endpoint
2025-06-09T01:25:43.427431+00:00 ralphdaniel kernel: pci 0000:00:02.0: BAR 0 [mem 0x0a830000-0x0a833fff]
2025-06-09T01:25:43.427431+00:00 ralphdaniel kernel: pci 0000:00:03.0: [1af4:1048] type 00 class 0x010000 conventional PCI endpoint
2025-06-09T01:25:43.427431+00:00 ralphdaniel kernel: pci 0000:00:03.0: BAR 2 [mem 0x0a834000-0x0a835fff]
2025-06-09T01:25:43.427431+00:00 ralphdaniel kernel: pci 0000:00:06.0: [8086:1e31] type 00 class 0x0c0330 conventional PCI endpoint
2025-06-09T01:25:43.427432+00:00 ralphdaniel kernel: pci 0000:00:06.0: BAR 0 [mem 0x0a820000-0x0a82ffff]
2025-06-09T01:25:43.427433+00:00 ralphdaniel kernel: pci 0000:00:08.0: [8086:100e] type 00 class 0x020000 conventional PCI endpoint
2025-06-09T01:25:43.427433+00:00 ralphdaniel kernel: pci 0000:00:08.0: BAR 0 [mem 0x0a800000-0x0a81ffff]
2025-06-09T01:25:43.427433+00:00 ralphdaniel kernel: pci 0000:00:08.0: BAR 2 [io  0x0020-0x0027]
2025-06-09T01:25:43.427433+00:00 ralphdaniel kernel: pci 0000:00:00.0: BAR 2 [mem 0x09000000-0x09ffffff pref]: assigned
2025-06-09T01:25:43.427434+00:00 ralphdaniel kernel: pci 0000:00:00.0: BAR 0 [mem 0x08400000-0x087fffff]: assigned
2025-06-09T01:25:43.427434+00:00 ralphdaniel kernel: pci 0000:00:01.0: BAR 1 [mem 0x08800000-0x08bfffff]: assigned
2025-06-09T01:25:43.427434+00:00 ralphdaniel kernel: pci 0000:00:08.0: BAR 0 [mem 0x08100000-0x0811ffff]: assigned
2025-06-09T01:25:43.427435+00:00 ralphdaniel kernel: pci 0000:00:06.0: BAR 0 [mem 0x08120000-0x0812ffff]: assigned
2025-06-09T01:25:43.427436+00:00 ralphdaniel kernel: pci 0000:00:02.0: BAR 0 [mem 0x08130000-0x08133fff]: assigned
2025-06-09T01:25:43.427436+00:00 ralphdaniel kernel: pci 0000:00:03.0: BAR 2 [mem 0x08134000-0x08135fff]: assigned
2025-06-09T01:25:43.427436+00:00 ralphdaniel kernel: pci 0000:00:01.0: BAR 3 [mem 0x08136000-0x08136fff]: assigned
2025-06-09T01:25:43.427436+00:00 ralphdaniel kernel: pci 0000:00:01.0: BAR 0 [io  0x1000-0x101f]: assigned
2025-06-09T01:25:43.427436+00:00 ralphdaniel kernel: pci 0000:00:08.0: BAR 2 [io  0x1020-0x1027]: assigned
2025-06-09T01:25:43.427438+00:00 ralphdaniel kernel: pci_bus 0000:00: resource 4 [io  0x0000-0xffff]
2025-06-09T01:25:43.427438+00:00 ralphdaniel kernel: pci_bus 0000:00: resource 5 [mem 0x08100000-0x3fffffff]
2025-06-09T01:25:43.427438+00:00 ralphdaniel kernel: pci_bus 0000:00: resource 6 [mem 0x239030000-0x2b902ffff]
2025-06-09T01:25:43.427438+00:00 ralphdaniel kernel: pci 0000:00:06.0: enabling device (0010 -> 0012)
2025-06-09T01:25:43.427438+00:00 ralphdaniel kernel: Serial: 8250/16550 driver, 32 ports, IRQ sharing enabled
2025-06-09T01:25:43.427439+00:00 ralphdaniel kernel: msm_serial: driver initialized
2025-06-09T01:25:43.427440+00:00 ralphdaniel kernel: SuperH (H)SCI(F) driver initialized
2025-06-09T01:25:43.427440+00:00 ralphdaniel kernel: loop: module loaded
2025-06-09T01:25:43.427440+00:00 ralphdaniel kernel: virtio_scsi virtio0: 4/0/0 default/read/poll queues
2025-06-09T01:25:43.427441+00:00 ralphdaniel kernel: scsi host0: Virtio SCSI HBA
2025-06-09T01:25:43.427441+00:00 ralphdaniel kernel: tun: Universal TUN/TAP device driver, 1.6
2025-06-09T01:25:43.427441+00:00 ralphdaniel kernel: PPP generic driver version 2.4.2
2025-06-09T01:25:43.427441+00:00 ralphdaniel kernel: scsi 0:0:0:0: Direct-Access     VBOX     HARDDISK         1.0  PQ: 0 ANSI: 5
2025-06-09T01:25:43.427442+00:00 ralphdaniel kernel: xhci_hcd 0000:00:06.0: xHCI Host Controller
2025-06-09T01:25:43.427443+00:00 ralphdaniel kernel: xhci_hcd 0000:00:06.0: new USB bus registered, assigned bus number 1
2025-06-09T01:25:43.427443+00:00 ralphdaniel kernel: xhci_hcd 0000:00:06.0: hcc params 0x04000000 hci version 0x100 quirks 0x000000000000b930
2025-06-09T01:25:43.427443+00:00 ralphdaniel kernel: xhci_hcd 0000:00:06.0: xHCI Host Controller
2025-06-09T01:25:43.427443+00:00 ralphdaniel kernel: xhci_hcd 0000:00:06.0: new USB bus registered, assigned bus number 2
2025-06-09T01:25:43.427444+00:00 ralphdaniel kernel: xhci_hcd 0000:00:06.0: Host supports USB 3.0 SuperSpeed
2025-06-09T01:25:43.427445+00:00 ralphdaniel kernel: usb usb1: New USB device found, idVendor=1d6b, idProduct=0002, bcdDevice= 6.14
2025-06-09T01:25:43.427445+00:00 ralphdaniel kernel: usb usb1: New USB device strings: Mfr=3, Product=2, SerialNumber=1
2025-06-09T01:25:43.427445+00:00 ralphdaniel kernel: usb usb1: Product: xHCI Host Controller
2025-06-09T01:25:43.427445+00:00 ralphdaniel kernel: usb usb1: Manufacturer: Linux 6.14.0-15-generic xhci-hcd
2025-06-09T01:25:43.427446+00:00 ralphdaniel kernel: usb usb1: SerialNumber: 0000:00:06.0
2025-06-09T01:25:43.427446+00:00 ralphdaniel kernel: hub 1-0:1.0: USB hub found
2025-06-09T01:25:43.427446+00:00 ralphdaniel kernel: hub 1-0:1.0: 8 ports detected
2025-06-09T01:25:43.427447+00:00 ralphdaniel kernel: usb usb2: New USB device found, idVendor=1d6b, idProduct=0003, bcdDevice= 6.14
2025-06-09T01:25:43.427447+00:00 ralphdaniel kernel: usb usb2: New USB device strings: Mfr=3, Product=2, SerialNumber=1
2025-06-09T01:25:43.427448+00:00 ralphdaniel kernel: usb usb2: Product: xHCI Host Controller
2025-06-09T01:25:43.427448+00:00 ralphdaniel kernel: usb usb2: Manufacturer: Linux 6.14.0-15-generic xhci-hcd
2025-06-09T01:25:43.427448+00:00 ralphdaniel kernel: usb usb2: SerialNumber: 0000:00:06.0
2025-06-09T01:25:43.427448+00:00 ralphdaniel kernel: hub 2-0:1.0: USB hub found
2025-06-09T01:25:43.427449+00:00 ralphdaniel kernel: hub 2-0:1.0: 6 ports detected
2025-06-09T01:25:43.427450+00:00 ralphdaniel kernel: mousedev: PS/2 mouse device common for all mice
2025-06-09T01:25:43.427450+00:00 ralphdaniel kernel: Freeing initrd memory: 78444K
2025-06-09T01:25:43.427450+00:00 ralphdaniel kernel: rtc-efi rtc-efi.0: registered as rtc0
2025-06-09T01:25:43.427450+00:00 ralphdaniel kernel: rtc-efi rtc-efi.0: setting system clock to 2025-06-09T01:25:32 UTC (1749432332)
2025-06-09T01:25:43.427451+00:00 ralphdaniel kernel: i2c_dev: i2c /dev entries driver
2025-06-09T01:25:43.427452+00:00 ralphdaniel kernel: device-mapper: core: CONFIG_IMA_DISABLE_HTABLE is disabled. Duplicate IMA measurements will not be recorded in the IMA log.
2025-06-09T01:25:43.427452+00:00 ralphdaniel kernel: device-mapper: uevent: version 1.0.3
2025-06-09T01:25:43.427452+00:00 ralphdaniel kernel: device-mapper: ioctl: 4.49.0-ioctl (2025-01-17) initialised: dm-devel@lists.linux.dev
2025-06-09T01:25:43.427452+00:00 ralphdaniel kernel: simple-framebuffer simple-framebuffer.0: [drm] Registered 1 planes with drm panic
2025-06-09T01:25:43.427453+00:00 ralphdaniel kernel: [drm] Initialized simpledrm 1.0.0 for simple-framebuffer.0 on minor 0
2025-06-09T01:25:43.427453+00:00 ralphdaniel kernel: fbcon: Deferring console take-over
2025-06-09T01:25:43.427453+00:00 ralphdaniel kernel: simple-framebuffer simple-framebuffer.0: [drm] fb0: simpledrmdrmfb frame buffer device
2025-06-09T01:25:43.427454+00:00 ralphdaniel kernel: watchdog: NMI not fully supported
2025-06-09T01:25:43.427455+00:00 ralphdaniel kernel: watchdog: Hard watchdog permanently disabled
2025-06-09T01:25:43.427455+00:00 ralphdaniel kernel: drop_monitor: Initializing network drop monitor service
2025-06-09T01:25:43.427455+00:00 ralphdaniel kernel: NET: Registered PF_INET6 protocol family
2025-06-09T01:25:43.427455+00:00 ralphdaniel kernel: Segment Routing with IPv6
2025-06-09T01:25:43.427455+00:00 ralphdaniel kernel: In-situ OAM (IOAM) with IPv6
2025-06-09T01:25:43.427456+00:00 ralphdaniel kernel: NET: Registered PF_PACKET protocol family
2025-06-09T01:25:43.427457+00:00 ralphdaniel kernel: Key type dns_resolver registered
2025-06-09T01:25:43.427457+00:00 ralphdaniel kernel: registered taskstats version 1
2025-06-09T01:25:43.427457+00:00 ralphdaniel kernel: scsi 0:0:1:0: CD-ROM            VBOX     CD-ROM           1.0  PQ: 0 ANSI: 5
2025-06-09T01:25:43.427457+00:00 ralphdaniel kernel: Loading compiled-in X.509 certificates
2025-06-09T01:25:43.427457+00:00 ralphdaniel kernel: scsi 0:0:0:0: Attached scsi generic sg0 type 0
2025-06-09T01:25:43.427458+00:00 ralphdaniel kernel: sd 0:0:0:0: [sda] 209715200 512-byte logical blocks: (107 GB/100 GiB)
2025-06-09T01:25:43.427458+00:00 ralphdaniel kernel: sd 0:0:0:0: [sda] Write Protect is off
2025-06-09T01:25:43.427458+00:00 ralphdaniel kernel: sd 0:0:0:0: [sda] Mode Sense: 04 00 10 00
2025-06-09T01:25:43.427459+00:00 ralphdaniel kernel: Loaded X.509 cert 'Build time autogenerated kernel key: 401015efbdbbc68884521c9d3218e887e37a566c'
2025-06-09T01:25:43.427459+00:00 ralphdaniel kernel: sd 0:0:0:0: [sda] Incomplete mode parameter data
2025-06-09T01:25:43.427459+00:00 ralphdaniel kernel: sd 0:0:0:0: [sda] Assuming drive cache: write through
2025-06-09T01:25:43.427459+00:00 ralphdaniel kernel: Loaded X.509 cert 'Canonical Ltd. Live Patch Signing: 14df34d1a87cf37625abec039ef2bf521249b969'
2025-06-09T01:25:43.427460+00:00 ralphdaniel kernel: Loaded X.509 cert 'Canonical Ltd. Kernel Module Signing: 88f752e560a1e0737e31163a466ad7b70a850c19'
2025-06-09T01:25:43.427460+00:00 ralphdaniel kernel: blacklist: Loading compiled-in revocation X.509 certificates
2025-06-09T01:25:43.427460+00:00 ralphdaniel kernel: Loaded X.509 cert 'Canonical Ltd. Secure Boot Signing: 61482aa2830d0ab2ad5af10b7250da9033ddcef0'
2025-06-09T01:25:43.427461+00:00 ralphdaniel kernel: Loaded X.509 cert 'Canonical Ltd. Secure Boot Signing (2017): 242ade75ac4a15e50d50c84b0d45ff3eae707a03'
2025-06-09T01:25:43.427461+00:00 ralphdaniel kernel: Loaded X.509 cert 'Canonical Ltd. Secure Boot Signing (ESM 2018): 365188c1d374d6b07c3c8f240f8ef722433d6a8b'
2025-06-09T01:25:43.427461+00:00 ralphdaniel kernel: Loaded X.509 cert 'Canonical Ltd. Secure Boot Signing (2019): c0746fd6c5da3ae827864651ad66ae47fe24b3e8'
2025-06-09T01:25:43.427462+00:00 ralphdaniel kernel: Loaded X.509 cert 'Canonical Ltd. Secure Boot Signing (2021 v1): a8d54bbb3825cfb94fa13c9f8a594a195c107b8d'
2025-06-09T01:25:43.427476+00:00 ralphdaniel kernel: Loaded X.509 cert 'Canonical Ltd. Secure Boot Signing (2021 v2): 4cf046892d6fd3c9a5b03f98d845f90851dc6a8c'
2025-06-09T01:25:43.427476+00:00 ralphdaniel kernel: Loaded X.509 cert 'Canonical Ltd. Secure Boot Signing (2021 v3): 100437bb6de6e469b581e61cd66bce3ef4ed53af'
2025-06-09T01:25:43.427476+00:00 ralphdaniel kernel: Loaded X.509 cert 'Canonical Ltd. Secure Boot Signing (Ubuntu Core 2019): c1d57b8f6b743f23ee41f4f7ee292f06eecadfb9'
2025-06-09T01:25:43.427476+00:00 ralphdaniel kernel: Demotion targets for Node 0: null
2025-06-09T01:25:43.427477+00:00 ralphdaniel kernel: Key type .fscrypt registered
2025-06-09T01:25:43.427478+00:00 ralphdaniel kernel: Key type fscrypt-provisioning registered
2025-06-09T01:25:43.427478+00:00 ralphdaniel kernel: Key type encrypted registered
2025-06-09T01:25:43.427478+00:00 ralphdaniel kernel: AppArmor: AppArmor sha256 policy hashing enabled
2025-06-09T01:25:43.427478+00:00 ralphdaniel kernel: sr 0:0:1:0: [sr0] scsi-1 drive
2025-06-09T01:25:43.427478+00:00 ralphdaniel kernel: cdrom: Uniform CD-ROM driver Revision: 3.20
2025-06-09T01:25:43.427479+00:00 ralphdaniel kernel: ima: secureboot mode disabled
2025-06-09T01:25:43.427480+00:00 ralphdaniel kernel: ima: No TPM chip found, activating TPM-bypass!
2025-06-09T01:25:43.427480+00:00 ralphdaniel kernel: Loading compiled-in module X.509 certificates
2025-06-09T01:25:43.427480+00:00 ralphdaniel kernel: Loaded X.509 cert 'Build time autogenerated kernel key: 401015efbdbbc68884521c9d3218e887e37a566c'
2025-06-09T01:25:43.427480+00:00 ralphdaniel kernel: ima: Allocated hash algorithm: sha256
2025-06-09T01:25:43.427480+00:00 ralphdaniel kernel: ima: No architecture policies found
2025-06-09T01:25:43.427481+00:00 ralphdaniel kernel: evm: Initialising EVM extended attributes:
2025-06-09T01:25:43.427481+00:00 ralphdaniel kernel: evm: security.selinux
2025-06-09T01:25:43.427482+00:00 ralphdaniel kernel: evm: security.SMACK64
2025-06-09T01:25:43.427482+00:00 ralphdaniel kernel: evm: security.SMACK64EXEC
2025-06-09T01:25:43.427482+00:00 ralphdaniel kernel: evm: security.SMACK64TRANSMUTE
2025-06-09T01:25:43.427482+00:00 ralphdaniel kernel: evm: security.SMACK64MMAP
2025-06-09T01:25:43.427482+00:00 ralphdaniel kernel: evm: security.apparmor
2025-06-09T01:25:43.427483+00:00 ralphdaniel kernel: evm: security.ima
2025-06-09T01:25:43.427483+00:00 ralphdaniel kernel: evm: security.capability
2025-06-09T01:25:43.427484+00:00 ralphdaniel kernel: evm: HMAC attrs: 0x1
2025-06-09T01:25:43.427484+00:00 ralphdaniel kernel: sr 0:0:1:0: Attached scsi CD-ROM sr0
2025-06-09T01:25:43.427484+00:00 ralphdaniel kernel: sr 0:0:1:0: Attached scsi generic sg1 type 5
2025-06-09T01:25:43.427484+00:00 ralphdaniel kernel: clk: Disabling unused clocks
2025-06-09T01:25:43.427486+00:00 ralphdaniel kernel: PM: genpd: Disabling unused power domains
2025-06-09T01:25:43.427487+00:00 ralphdaniel kernel:  sda: sda1 sda2
2025-06-09T01:25:43.427487+00:00 ralphdaniel kernel: sd 0:0:0:0: [sda] Attached SCSI disk
2025-06-09T01:25:43.427488+00:00 ralphdaniel kernel: Freeing unused kernel memory: 13504K
2025-06-09T01:25:43.427488+00:00 ralphdaniel kernel: Checked W+X mappings: passed, no W+X pages found
2025-06-09T01:25:43.427488+00:00 ralphdaniel kernel: Run /init as init process
2025-06-09T01:25:43.427489+00:00 ralphdaniel kernel:   with arguments:
2025-06-09T01:25:43.428450+00:00 ralphdaniel kernel:     /init
2025-06-09T01:25:43.428450+00:00 ralphdaniel kernel:     splash
2025-06-09T01:25:43.428451+00:00 ralphdaniel kernel:   with environment:
2025-06-09T01:25:43.428451+00:00 ralphdaniel kernel:     HOME=/
2025-06-09T01:25:43.428451+00:00 ralphdaniel kernel:     TERM=linux
2025-06-09T01:25:43.428451+00:00 ralphdaniel kernel:     BOOT_IMAGE=/boot/vmlinuz-6.14.0-15-generic
2025-06-09T01:25:43.428451+00:00 ralphdaniel kernel: usb 1-1: new full-speed USB device number 2 using xhci_hcd
2025-06-09T01:25:43.428452+00:00 ralphdaniel kernel: usb 1-1: New USB device found, idVendor=80ee, idProduct=0010, bcdDevice= 1.00
2025-06-09T01:25:43.428453+00:00 ralphdaniel kernel: usb 1-1: New USB device strings: Mfr=1, Product=2, SerialNumber=0
2025-06-09T01:25:43.428453+00:00 ralphdaniel kernel: usb 1-1: Product: USB Keyboard
2025-06-09T01:25:43.428453+00:00 ralphdaniel kernel: usb 1-1: Manufacturer: VirtualBox
2025-06-09T01:25:43.428453+00:00 ralphdaniel kernel: input: gpio-keys as /devices/platform/gpio-keys/input/input0
2025-06-09T01:25:43.428454+00:00 ralphdaniel kernel: usb 1-2: new full-speed USB device number 3 using xhci_hcd
2025-06-09T01:25:43.428454+00:00 ralphdaniel kernel: usb 1-2: New USB device found, idVendor=80ee, idProduct=0021, bcdDevice= 1.00
2025-06-09T01:25:43.428455+00:00 ralphdaniel kernel: usb 1-2: New USB device strings: Mfr=1, Product=3, SerialNumber=0
2025-06-09T01:25:43.428455+00:00 ralphdaniel kernel: usb 1-2: Product: USB Tablet
2025-06-09T01:25:43.428455+00:00 ralphdaniel kernel: usb 1-2: Manufacturer: VirtualBox
2025-06-09T01:25:43.428455+00:00 ralphdaniel kernel: hid: raw HID events driver (C) Jiri Kosina
2025-06-09T01:25:43.428455+00:00 ralphdaniel kernel: usbcore: registered new interface driver usbhid
2025-06-09T01:25:43.428456+00:00 ralphdaniel kernel: usbhid: USB HID core driver
2025-06-09T01:25:43.428456+00:00 ralphdaniel kernel: e1000: Intel(R) PRO/1000 Network Driver
2025-06-09T01:25:43.428457+00:00 ralphdaniel kernel: e1000: Copyright (c) 1999-2006 Intel Corporation.
2025-06-09T01:25:43.428457+00:00 ralphdaniel kernel: e1000 0000:00:08.0: enabling device (0010 -> 0013)
2025-06-09T01:25:43.428457+00:00 ralphdaniel kernel: input: VirtualBox USB Keyboard as /devices/platform/238030000.pcie/pci0000:00/0000:00:06.0/usb1/1-1/1-1:1.0/0003:80EE:0010.0001/input/input1
2025-06-09T01:25:43.428457+00:00 ralphdaniel kernel: hid-generic 0003:80EE:0010.0001: input,hidraw0: USB HID v1.10 Keyboard [VirtualBox USB Keyboard] on usb-0000:00:06.0-1/input0
2025-06-09T01:25:43.428458+00:00 ralphdaniel kernel: input: VirtualBox USB Tablet as /devices/platform/238030000.pcie/pci0000:00/0000:00:06.0/usb1/1-2/1-2:1.0/0003:80EE:0021.0002/input/input2
2025-06-09T01:25:43.428459+00:00 ralphdaniel kernel: hid-generic 0003:80EE:0021.0002: input,hidraw1: USB HID v1.10 Mouse [VirtualBox USB Tablet] on usb-0000:00:06.0-2/input0
2025-06-09T01:25:43.428459+00:00 ralphdaniel kernel: e1000 0000:00:08.0 eth0: (PCI:33MHz:32-bit) 08:00:27:0f:f5:81
2025-06-09T01:25:43.428459+00:00 ralphdaniel kernel: e1000 0000:00:08.0 eth0: Intel(R) PRO/1000 Network Connection
2025-06-09T01:25:43.428459+00:00 ralphdaniel kernel: e1000 0000:00:08.0 enp0s8: renamed from eth0
2025-06-09T01:25:43.428459+00:00 ralphdaniel kernel: random: crng init done
2025-06-09T01:25:43.428462+00:00 ralphdaniel kernel: EXT4-fs (sda2): orphan cleanup on readonly fs
2025-06-09T01:25:43.428462+00:00 ralphdaniel kernel: EXT4-fs (sda2): mounted filesystem 4de5bccc-8c89-484a-a7e8-4e006b749508 ro with ordered data mode. Quota mode: none.
2025-06-09T01:25:43.428648+00:00 ralphdaniel kernel: pstore: Using crash dump compression: deflate
2025-06-09T01:25:43.428651+00:00 ralphdaniel kernel: pstore: Registered efi_pstore as persistent store backend
2025-06-09T01:25:43.428657+00:00 ralphdaniel kernel: EXT4-fs (sda2): re-mounted 4de5bccc-8c89-484a-a7e8-4e006b749508 r/w. Quota mode: none.
2025-06-09T01:25:43.428662+00:00 ralphdaniel kernel: Adding 4194300k swap on /swap.img.  Priority:-2 extents:3 across:4464636k 
2025-06-09T01:25:43.428663+00:00 ralphdaniel kernel: vboxguest 0000:00:01.0: enabling device (0010 -> 0013)
2025-06-09T01:25:43.428663+00:00 ralphdaniel kernel: vboxguest: host-version: 7.1.10r169112 0x8000000f
2025-06-09T01:25:43.428663+00:00 ralphdaniel kernel: vbg_heartbeat_init: Setting up heartbeat to trigger every 2000 milliseconds
2025-06-09T01:25:43.428663+00:00 ralphdaniel kernel: input: VirtualBox mouse integration as /devices/platform/238030000.pcie/pci0000:00/0000:00:01.0/input/input3
2025-06-09T01:25:43.428664+00:00 ralphdaniel kernel: vmwgfx 0000:00:00.0: [drm] Register MMIO at 0x0x0000000008400000 size is 4096 KiB
2025-06-09T01:25:43.428665+00:00 ralphdaniel kernel: vmwgfx 0000:00:00.0: [drm] VRAM at 0x0000000009000000 size is 16384 KiB
2025-06-09T01:25:43.428665+00:00 ralphdaniel kernel: vmwgfx 0000:00:00.0: [drm] Running on SVGA version 3.
2025-06-09T01:25:43.428665+00:00 ralphdaniel kernel: vmwgfx 0000:00:00.0: [drm] Capabilities: rect copy, cursor, cursor bypass, cursor bypass 2, alpha cursor, extended fifo, pitchlock, irq mask, gmr, traces, gmr2, screen object 2, command buffers, gbobject, 
2025-06-09T01:25:43.428665+00:00 ralphdaniel kernel: [drm:vmw_host_get_guestinfo [vmwgfx]] *ERROR* Failed to get guest info "guestinfo.vmwgfx.vkms_enable".
2025-06-09T01:25:43.428666+00:00 ralphdaniel kernel: vmwgfx 0000:00:00.0: [drm] DMA map mode: Caching DMA mappings.
2025-06-09T01:25:43.428666+00:00 ralphdaniel kernel: vmwgfx 0000:00:00.0: [drm] Legacy memory limits: VRAM = 16384 KiB, FIFO = 2048 KiB, surface = 507904 KiB
2025-06-09T01:25:43.428667+00:00 ralphdaniel kernel: vmwgfx 0000:00:00.0: [drm] MOB limits: max mob size = 131072 KiB, max mob pages = 4096
2025-06-09T01:25:43.428667+00:00 ralphdaniel kernel: vmwgfx 0000:00:00.0: [drm] Max GMR ids is 8192
2025-06-09T01:25:43.428667+00:00 ralphdaniel kernel: vmwgfx 0000:00:00.0: [drm] Max number of GMR pages is 1048576
2025-06-09T01:25:43.428667+00:00 ralphdaniel kernel: vmwgfx 0000:00:00.0: [drm] Maximum display memory size is 16384 KiB
2025-06-09T01:25:43.428667+00:00 ralphdaniel kernel: vmwgfx 0000:00:00.0: [drm] Screen Target display unit initialized
2025-06-09T01:25:43.428668+00:00 ralphdaniel kernel: vmwgfx 0000:00:00.0: [drm] Using command buffers with DMA pool.
2025-06-09T01:25:43.428669+00:00 ralphdaniel kernel: vmwgfx 0000:00:00.0: [drm] Available shader model: Legacy.
2025-06-09T01:25:43.428669+00:00 ralphdaniel kernel: [drm:vmw_host_printf [vmwgfx]] *ERROR* Failed to send host log message.
2025-06-09T01:25:43.428669+00:00 ralphdaniel kernel: [drm] Initialized vmwgfx 2.20.0 for 0000:00:00.0 on minor 1
2025-06-09T01:25:43.428669+00:00 ralphdaniel kernel: fbcon: Deferring console take-over
2025-06-09T01:25:43.428669+00:00 ralphdaniel kernel: vmwgfx 0000:00:00.0: [drm] fb0: vmwgfxdrmfb frame buffer device
2025-06-09T01:25:43.428670+00:00 ralphdaniel kernel: snd_hda_intel 0000:00:02.0: enabling device (0010 -> 0012)
2025-06-09T01:25:43.428671+00:00 ralphdaniel kernel: snd_hda_intel 0000:00:02.0: Force to snoop mode by module option
2025-06-09T01:25:43.428671+00:00 ralphdaniel kernel: loop0: detected capacity change from 0 to 141032
2025-06-09T01:25:43.428671+00:00 ralphdaniel kernel: loop1: detected capacity change from 0 to 8
2025-06-09T01:25:43.428678+00:00 ralphdaniel kernel: loop2: detected capacity change from 0 to 1010608
2025-06-09T01:25:43.428678+00:00 ralphdaniel kernel: loop3: detected capacity change from 0 to 467736
2025-06-09T01:25:43.428678+00:00 ralphdaniel kernel: loop4: detected capacity change from 0 to 187776
2025-06-09T01:25:43.428679+00:00 ralphdaniel kernel: loop5: detected capacity change from 0 to 23392
2025-06-09T01:25:43.428680+00:00 ralphdaniel kernel: loop6: detected capacity change from 0 to 20568
2025-06-09T01:25:43.428680+00:00 ralphdaniel kernel: loop7: detected capacity change from 0 to 26744
2025-06-09T01:25:43.428680+00:00 ralphdaniel kernel: loop8: detected capacity change from 0 to 79224
2025-06-09T01:25:43.428680+00:00 ralphdaniel kernel: snd_hda_codec_idt hdaudioC0D0: STAC9221 A1: picked fixup  for PCI SSID 8384:7680
2025-06-09T01:25:43.428680+00:00 ralphdaniel kernel: loop9: detected capacity change from 0 to 1088
2025-06-09T01:25:43.428681+00:00 ralphdaniel kernel: snd_hda_codec_idt hdaudioC0D0: autoconfig for STAC9221 A1: line_outs=3 (0xc/0xf/0xb/0x0/0x0) type:speaker
2025-06-09T01:25:43.428681+00:00 ralphdaniel kernel: snd_hda_codec_idt hdaudioC0D0:    speaker_outs=0 (0x0/0x0/0x0/0x0/0x0)
2025-06-09T01:25:43.428682+00:00 ralphdaniel kernel: snd_hda_codec_idt hdaudioC0D0:    hp_outs=1 (0xa/0x0/0x0/0x0/0x0)
2025-06-09T01:25:43.428682+00:00 ralphdaniel kernel: snd_hda_codec_idt hdaudioC0D0:    mono: mono_out=0x0
2025-06-09T01:25:43.428682+00:00 ralphdaniel kernel: snd_hda_codec_idt hdaudioC0D0:    dig-out=0x10/0x0
2025-06-09T01:25:43.428682+00:00 ralphdaniel kernel: snd_hda_codec_idt hdaudioC0D0:    inputs:
2025-06-09T01:25:43.428683+00:00 ralphdaniel kernel: snd_hda_codec_idt hdaudioC0D0:      Mic=0xd
2025-06-09T01:25:43.428683+00:00 ralphdaniel kernel: snd_hda_codec_idt hdaudioC0D0:      Line=0xe
2025-06-09T01:25:43.428683+00:00 ralphdaniel kernel: snd_hda_codec_idt hdaudioC0D0:      CD=0x15
2025-06-09T01:25:43.428684+00:00 ralphdaniel kernel: snd_hda_codec_idt hdaudioC0D0:    dig-in=0x11
2025-06-09T01:25:43.428684+00:00 ralphdaniel kernel: audit: type=1400 audit(1749432337.356:2): apparmor="STATUS" operation="profile_load" profile="unconfined" name=4D6F6E676F444220436F6D70617373 pid=820 comm="apparmor_parser"
2025-06-09T01:25:43.428684+00:00 ralphdaniel kernel: audit: type=1400 audit(1749432337.356:3): apparmor="STATUS" operation="profile_load" profile="unconfined" name="QtWebEngineProcess" pid=821 comm="apparmor_parser"
2025-06-09T01:25:43.428685+00:00 ralphdaniel kernel: audit: type=1400 audit(1749432337.357:4): apparmor="STATUS" operation="profile_load" profile="unconfined" name="Discord" pid=819 comm="apparmor_parser"
2025-06-09T01:25:43.428685+00:00 ralphdaniel kernel: audit: type=1400 audit(1749432337.357:5): apparmor="STATUS" operation="profile_load" profile="unconfined" name="1password" pid=818 comm="apparmor_parser"
2025-06-09T01:25:43.428686+00:00 ralphdaniel kernel: audit: type=1400 audit(1749432337.359:6): apparmor="STATUS" operation="profile_load" profile="unconfined" name="balena-etcher" pid=826 comm="apparmor_parser"
2025-06-09T01:25:43.428686+00:00 ralphdaniel kernel: audit: type=1400 audit(1749432337.363:7): apparmor="STATUS" operation="profile_load" profile="unconfined" name="brave" pid=841 comm="apparmor_parser"
2025-06-09T01:25:43.428686+00:00 ralphdaniel kernel: audit: type=1400 audit(1749432337.365:8): apparmor="STATUS" operation="profile_load" profile="unconfined" name="buildah" pid=842 comm="apparmor_parser"
2025-06-09T01:25:43.428687+00:00 ralphdaniel kernel: audit: type=1400 audit(1749432337.370:9): apparmor="STATUS" operation="profile_load" profile="unconfined" name="cam" pid=847 comm="apparmor_parser"
2025-06-09T01:25:43.428687+00:00 ralphdaniel kernel: audit: type=1400 audit(1749432337.375:10): apparmor="STATUS" operation="profile_load" profile="unconfined" name="ch-run" pid=851 comm="apparmor_parser"
2025-06-09T01:25:43.428687+00:00 ralphdaniel kernel: audit: type=1400 audit(1749432337.376:11): apparmor="STATUS" operation="profile_load" profile="unconfined" name="ch-checkns" pid=848 comm="apparmor_parser"
2025-06-09T01:25:43.428687+00:00 ralphdaniel kernel: audit: type=1400 audit(1749432337.380:12): apparmor="STATUS" operation="profile_load" profile="unconfined" name="chrome" pid=853 comm="apparmor_parser"
2025-06-09T01:25:43.428688+00:00 ralphdaniel kernel: audit: type=1400 audit(1749432337.381:13): apparmor="STATUS" operation="profile_load" profile="unconfined" name="chromium" pid=854 comm="apparmor_parser"
2025-06-09T01:25:43.428689+00:00 ralphdaniel kernel: audit: type=1400 audit(1749432337.384:14): apparmor="STATUS" operation="profile_load" profile="unconfined" name="bwrap" pid=845 comm="apparmor_parser"
2025-06-09T01:25:43.428689+00:00 ralphdaniel kernel: audit: type=1400 audit(1749432337.385:15): apparmor="STATUS" operation="profile_load" profile="unconfined" name="unpriv_bwrap" pid=845 comm="apparmor_parser"
2025-06-09T01:25:43.428689+00:00 ralphdaniel kernel: audit: type=1400 audit(1749432337.388:16): apparmor="STATUS" operation="profile_load" profile="unconfined" name="crun" pid=857 comm="apparmor_parser"
2025-06-09T01:25:43.428689+00:00 ralphdaniel kernel: audit: type=1400 audit(1749432337.394:17): apparmor="STATUS" operation="profile_load" profile="unconfined" name="vscode" pid=856 comm="apparmor_parser"
2025-06-09T01:25:43.428689+00:00 ralphdaniel kernel: audit: type=1400 audit(1749432337.396:18): apparmor="STATUS" operation="profile_load" profile="unconfined" name="devhelp" pid=868 comm="apparmor_parser"
2025-06-09T01:25:43.428690+00:00 ralphdaniel kernel: input: HDA Intel Mic as /devices/platform/238030000.pcie/pci0000:00/0000:00:02.0/sound/card0/input4
2025-06-09T01:25:43.428691+00:00 ralphdaniel kernel: input: HDA Intel Line as /devices/platform/238030000.pcie/pci0000:00/0000:00:02.0/sound/card0/input5
2025-06-09T01:25:43.428691+00:00 ralphdaniel kernel: input: HDA Intel Speaker Front as /devices/platform/238030000.pcie/pci0000:00/0000:00:02.0/sound/card0/input6
2025-06-09T01:25:43.428691+00:00 ralphdaniel kernel: input: HDA Intel Speaker CLFE as /devices/platform/238030000.pcie/pci0000:00/0000:00:02.0/sound/card0/input7
2025-06-09T01:25:43.428691+00:00 ralphdaniel kernel: input: HDA Intel Front Headphone as /devices/platform/238030000.pcie/pci0000:00/0000:00:02.0/sound/card0/input8
2025-06-09T01:25:43.428692+00:00 ralphdaniel kernel: input: HDA Intel SPDIF In as /devices/platform/238030000.pcie/pci0000:00/0000:00:02.0/sound/card0/input9
2025-06-09T01:25:43.428692+00:00 ralphdaniel kernel: kauditd_printk_skb: 193 callbacks suppressed
2025-06-09T01:25:43.428693+00:00 ralphdaniel kernel: audit: type=1400 audit(1749432343.301:212): apparmor="STATUS" operation="profile_replace" info="same as current profile, skipping" profile="unconfined" name="rsyslogd" pid=5770 comm="apparmor_parser"
2025-06-09T01:25:43.761976+00:00 ralphdaniel kernel: NET: Registered PF_QIPCRTR protocol family
2025-06-09T01:25:43.765018+00:00 ralphdaniel kernel: loop10: detected capacity change from 0 to 8
2025-06-09T01:25:43.915077+00:00 ralphdaniel kernel: audit: type=1400 audit(1749432343.913:213): apparmor="STATUS" operation="profile_replace" profile="unconfined" name="/usr/lib/snapd/snap-confine" pid=5975 comm="apparmor_parser"
2025-06-09T01:25:43.922017+00:00 ralphdaniel kernel: audit: type=1400 audit(1749432343.920:214): apparmor="STATUS" operation="profile_replace" profile="unconfined" name="/usr/lib/snapd/snap-confine//mount-namespace-capture-helper" pid=5975 comm="apparmor_parser"
2025-06-09T01:25:44.151077+00:00 ralphdaniel kernel: e1000: enp0s8 NIC Link is Up 1000 Mbps Full Duplex, Flow Control: RX
2025-06-09T01:25:44.371297+00:00 ralphdaniel kernel: audit: type=1400 audit(1749432344.369:215): apparmor="DENIED" operation="open" class="file" profile="/usr/sbin/cupsd" name="/etc/paperspecs" pid=6051 comm="cupsd" requested_mask="r" denied_mask="r" fsuid=0 ouid=0
2025-06-09T01:25:44.400906+00:00 ralphdaniel kernel: audit: type=1400 audit(1749432344.398:216): apparmor="DENIED" operation="capable" class="cap" profile="/usr/sbin/cupsd" pid=6051 comm="cupsd" capability=12  capname="net_admin"
2025-06-09T01:25:49.484902+00:00 ralphdaniel kernel: audit: type=1400 audit(1749432349.483:217): apparmor="DENIED" operation="open" class="file" profile="snap-update-ns.firefox" name="/usr/local/share/" pid=6484 comm="snap-update-ns" requested_mask="r" denied_mask="r" fsuid=0 ouid=0
2025-06-09T01:25:49.582211+00:00 ralphdaniel kernel: audit: type=1400 audit(1749432349.579:218): apparmor="DENIED" operation="open" class="file" profile="snap.firefox.hook.install" name="/var/lib/snapd/hostfs/usr/share/hunspell/" pid=6512 comm="find" requested_mask="r" denied_mask="r" fsuid=0 ouid=0
2025-06-09T01:25:51.057028+00:00 ralphdaniel kernel: rfkill: input handler disabled
2025-06-09T01:25:52.929142+00:00 ralphdaniel kernel: audit: type=1400 audit(1749432352.927:219): apparmor="DENIED" operation="capable" class="cap" profile="/usr/lib/snapd/snap-confine" pid=6996 comm="snap-confine" capability=12  capname="net_admin"
2025-06-09T01:25:52.929151+00:00 ralphdaniel kernel: audit: type=1400 audit(1749432352.927:220): apparmor="DENIED" operation="capable" class="cap" profile="/usr/lib/snapd/snap-confine" pid=6996 comm="snap-confine" capability=38  capname="perfmon"
2025-06-09T01:25:52.934940+00:00 ralphdaniel kernel: audit: type=1400 audit(1749432352.933:221): apparmor="DENIED" operation="capable" class="cap" profile="/usr/lib/snapd/snap-confine" pid=6996 comm="snap-confine" capability=4  capname="fsetid"
2025-06-09T01:25:53.021995+00:00 ralphdaniel kernel: audit: type=1400 audit(1749432353.020:222): apparmor="DENIED" operation="open" class="file" profile="snap-update-ns.prompting-client" name="/proc/7030/maps" pid=7030 comm="snap-update-ns" requested_mask="r" denied_mask="r" fsuid=119 ouid=0
2025-06-09T01:25:57.812210+00:00 ralphdaniel kernel: rfkill: input handler enabled
2025-06-09T01:25:57.865292+00:00 ralphdaniel kernel: audit: type=1400 audit(1749432357.862:223): apparmor="DENIED" operation="capable" class="cap" profile="/usr/lib/snapd/snap-confine" pid=7103 comm="snap-confine" capability=12  capname="net_admin"
2025-06-09T01:25:57.866220+00:00 ralphdaniel kernel: audit: type=1400 audit(1749432357.863:224): apparmor="DENIED" operation="capable" class="cap" profile="/usr/lib/snapd/snap-confine" pid=7103 comm="snap-confine" capability=38  capname="perfmon"
2025-06-09T01:25:57.871898+00:00 ralphdaniel kernel: audit: type=1400 audit(1749432357.870:225): apparmor="DENIED" operation="open" class="file" profile="snap-update-ns.prompting-client" name="/proc/7183/maps" pid=7183 comm="snap-update-ns" requested_mask="r" denied_mask="r" fsuid=1000 ouid=0
2025-06-09T01:25:58.732956+00:00 ralphdaniel kernel: audit: type=1400 audit(1749432358.730:226): apparmor="DENIED" operation="capable" class="cap" profile="/usr/lib/snapd/snap-confine" pid=7460 comm="snap-confine" capability=12  capname="net_admin"
2025-06-09T01:25:58.733071+00:00 ralphdaniel kernel: audit: type=1400 audit(1749432358.730:227): apparmor="DENIED" operation="capable" class="cap" profile="/usr/lib/snapd/snap-confine" pid=7460 comm="snap-confine" capability=38  capname="perfmon"
2025-06-09T01:25:58.735981+00:00 ralphdaniel kernel: audit: type=1400 audit(1749432358.734:228): apparmor="DENIED" operation="capable" class="cap" profile="/usr/lib/snapd/snap-confine" pid=7460 comm="snap-confine" capability=4  capname="fsetid"
2025-06-09T01:25:58.880979+00:00 ralphdaniel kernel: audit: type=1400 audit(1749432358.878:229): apparmor="DENIED" operation="open" class="file" profile="snap-update-ns.snapd-desktop-integration" name="/proc/7534/maps" pid=7534 comm="snap-update-ns" requested_mask="r" denied_mask="r" fsuid=119 ouid=0
2025-06-09T01:25:58.897171+00:00 ralphdaniel kernel: audit: type=1400 audit(1749432358.894:230): apparmor="DENIED" operation="capable" class="cap" profile="/usr/lib/snapd/snap-confine" pid=7505 comm="snap-confine" capability=12  capname="net_admin"
2025-06-09T01:25:58.897486+00:00 ralphdaniel kernel: audit: type=1400 audit(1749432358.894:231): apparmor="DENIED" operation="capable" class="cap" profile="/usr/lib/snapd/snap-confine" pid=7505 comm="snap-confine" capability=38  capname="perfmon"
2025-06-09T01:25:58.905116+00:00 ralphdaniel kernel: audit: type=1400 audit(1749432358.902:232): apparmor="DENIED" operation="open" class="file" profile="snap-update-ns.snapd-desktop-integration" name="/proc/7557/maps" pid=7557 comm="snap-update-ns" requested_mask="r" denied_mask="r" fsuid=1000 ouid=0
2025-06-09T01:25:59.610933+00:00 ralphdaniel kernel: rfkill: input handler disabled
2025-06-09T09:26:51.549246+08:00 ralphdaniel kernel: Booting Linux on physical CPU 0x0000000000 [0x610f0000]
2025-06-09T09:26:51.551317+08:00 ralphdaniel kernel: Linux version 6.14.0-15-generic (buildd@bos03-arm64-008) (aarch64-linux-gnu-gcc-14 (Ubuntu 14.2.0-19ubuntu2) 14.2.0, GNU ld (GNU Binutils for Ubuntu) 2.44) #15-Ubuntu SMP PREEMPT_DYNAMIC Sun Apr  6 14:37:51 UTC 2025 (Ubuntu 6.14.0-15.15-generic 6.14.0)
2025-06-09T09:26:51.551320+08:00 ralphdaniel kernel: KASLR disabled due to lack of seed
2025-06-09T09:26:51.551320+08:00 ralphdaniel kernel: Machine model: linux,dummy-virt
2025-06-09T09:26:51.551320+08:00 ralphdaniel kernel: efi: EFI v2.7 by EDK II
2025-06-09T09:26:51.551321+08:00 ralphdaniel kernel: efi: MEMATTR=0x231b08018 MOKvar=0x232d90000 INITRD=0x22f2e6a18 MEMRESERVE=0x22f2e6398 
2025-06-09T09:26:51.551321+08:00 ralphdaniel kernel: secureboot: Secure boot disabled
2025-06-09T09:26:51.551322+08:00 ralphdaniel kernel: OF: reserved mem: Reserved memory: No reserved-memory node in the DT
2025-06-09T09:26:51.551322+08:00 ralphdaniel kernel: NUMA: Faking a node at [mem 0x0000000040000000-0x0000000236ffffff]
2025-06-09T09:26:51.551322+08:00 ralphdaniel kernel: NODE_DATA(0) allocated [mem 0x2360479c0-0x23604d3ff]
2025-06-09T09:26:51.551322+08:00 ralphdaniel kernel: Zone ranges:
2025-06-09T09:26:51.551323+08:00 ralphdaniel kernel:   DMA      [mem 0x0000000040000000-0x00000000ffffffff]
2025-06-09T09:26:51.551323+08:00 ralphdaniel kernel:   DMA32    empty
2025-06-09T09:26:51.551323+08:00 ralphdaniel kernel:   Normal   [mem 0x0000000100000000-0x0000000236ffffff]
2025-06-09T09:26:51.551324+08:00 ralphdaniel kernel:   Device   empty
2025-06-09T09:26:51.551324+08:00 ralphdaniel kernel: Movable zone start for each node
2025-06-09T09:26:51.551324+08:00 ralphdaniel kernel: Early memory node ranges
2025-06-09T09:26:51.551325+08:00 ralphdaniel kernel:   node   0: [mem 0x0000000040000000-0x00000000fffeffff]
2025-06-09T09:26:51.551325+08:00 ralphdaniel kernel:   node   0: [mem 0x00000000ffff0000-0x00000000ffffffff]
2025-06-09T09:26:51.551325+08:00 ralphdaniel kernel:   node   0: [mem 0x0000000100000000-0x000000022f3bffff]
2025-06-09T09:26:51.551326+08:00 ralphdaniel kernel:   node   0: [mem 0x000000022f3c0000-0x000000022f72ffff]
2025-06-09T09:26:51.551326+08:00 ralphdaniel kernel:   node   0: [mem 0x000000022f730000-0x0000000232bfffff]
2025-06-09T09:26:51.551326+08:00 ralphdaniel kernel:   node   0: [mem 0x0000000232c00000-0x0000000232fdffff]
2025-06-09T09:26:51.551327+08:00 ralphdaniel kernel:   node   0: [mem 0x0000000232fe0000-0x0000000236ffffff]
2025-06-09T09:26:51.551327+08:00 ralphdaniel kernel: Initmem setup node 0 [mem 0x0000000040000000-0x0000000236ffffff]
2025-06-09T09:26:51.551327+08:00 ralphdaniel kernel: On node 0, zone Normal: 4096 pages in unavailable ranges
2025-06-09T09:26:51.551328+08:00 ralphdaniel kernel: cma: Reserved 32 MiB at 0x00000000fde00000 on node -1
2025-06-09T09:26:51.551328+08:00 ralphdaniel kernel: crashkernel reserved: 0x00000000dde00000 - 0x00000000fde00000 (512 MB)
2025-06-09T09:26:51.551328+08:00 ralphdaniel kernel: psci: probing for conduit method from DT.
2025-06-09T09:26:51.551328+08:00 ralphdaniel kernel: psci: PSCIv1.2 detected in firmware.
2025-06-09T09:26:51.551329+08:00 ralphdaniel kernel: psci: Using standard PSCI v0.2 function IDs
2025-06-09T09:26:51.551329+08:00 ralphdaniel kernel: psci: Trusted OS migration not required
2025-06-09T09:26:51.551329+08:00 ralphdaniel kernel: psci: SMC Calling Convention v1.0
2025-06-09T09:26:51.551330+08:00 ralphdaniel kernel: percpu: Embedded 56 pages/cpu s106264 r8192 d114920 u229376
2025-06-09T09:26:51.551330+08:00 ralphdaniel kernel: pcpu-alloc: s106264 r8192 d114920 u229376 alloc=56*4096
2025-06-09T09:26:51.551330+08:00 ralphdaniel kernel: pcpu-alloc: [0] 0 [0] 1 [0] 2 [0] 3 [0] 4 [0] 5 [0] 6 [0] 7 
2025-06-09T09:26:51.551331+08:00 ralphdaniel kernel: Detected PIPT I-cache on CPU0
2025-06-09T09:26:51.551331+08:00 ralphdaniel kernel: CPU features: detected: Address authentication (IMP DEF algorithm)
2025-06-09T09:26:51.551331+08:00 ralphdaniel kernel: CPU features: detected: Spectre-v4
2025-06-09T09:26:51.551332+08:00 ralphdaniel kernel: alternatives: applying boot alternatives
2025-06-09T09:26:51.551332+08:00 ralphdaniel kernel: Kernel command line: BOOT_IMAGE=/boot/vmlinuz-6.14.0-15-generic root=UUID=4de5bccc-8c89-484a-a7e8-4e006b749508 ro quiet splash console=tty0 crashkernel=2G-4G:320M,4G-32G:512M,32G-64G:1024M,64G-128G:2048M,128G-:4096M vt.handoff=7
2025-06-09T09:26:51.551332+08:00 ralphdaniel kernel: Unknown kernel command line parameters "splash BOOT_IMAGE=/boot/vmlinuz-6.14.0-15-generic", will be passed to user space.
2025-06-09T09:26:51.551333+08:00 ralphdaniel kernel: printk: log buffer data + meta data: 262144 + 917504 = 1179648 bytes
2025-06-09T09:26:51.551333+08:00 ralphdaniel kernel: Dentry cache hash table entries: 1048576 (order: 11, 8388608 bytes, linear)
2025-06-09T09:26:51.551333+08:00 ralphdaniel kernel: Inode-cache hash table entries: 524288 (order: 10, 4194304 bytes, linear)
2025-06-09T09:26:51.551334+08:00 ralphdaniel kernel: Fallback order for Node 0: 0 
2025-06-09T09:26:51.551334+08:00 ralphdaniel kernel: Built 1 zonelists, mobility grouping on.  Total pages: 2060288
2025-06-09T09:26:51.551334+08:00 ralphdaniel kernel: Policy zone: Normal
2025-06-09T09:26:51.551334+08:00 ralphdaniel kernel: mem auto-init: stack:all(zero), heap alloc:on, heap free:off
2025-06-09T09:26:51.551335+08:00 ralphdaniel kernel: software IO TLB: area num 8.
2025-06-09T09:26:51.551335+08:00 ralphdaniel kernel: software IO TLB: mapped [mem 0x00000000d9e00000-0x00000000dde00000] (64MB)
2025-06-09T09:26:51.551336+08:00 ralphdaniel kernel: SLUB: HWalign=64, Order=0-3, MinObjects=0, CPUs=8, Nodes=1
2025-06-09T09:26:51.551336+08:00 ralphdaniel kernel: ftrace: allocating 65851 entries in 258 pages
2025-06-09T09:26:51.551336+08:00 ralphdaniel kernel: ftrace: allocated 258 pages with 2 groups
2025-06-09T09:26:51.551336+08:00 ralphdaniel kernel: Dynamic Preempt: voluntary
2025-06-09T09:26:51.551337+08:00 ralphdaniel kernel: rcu: Preemptible hierarchical RCU implementation.
2025-06-09T09:26:51.551337+08:00 ralphdaniel kernel: rcu: 	RCU restricting CPUs from NR_CPUS=512 to nr_cpu_ids=8.
2025-06-09T09:26:51.551337+08:00 ralphdaniel kernel: 	Trampoline variant of Tasks RCU enabled.
2025-06-09T09:26:51.551338+08:00 ralphdaniel kernel: 	Rude variant of Tasks RCU enabled.
2025-06-09T09:26:51.551338+08:00 ralphdaniel kernel: 	Tracing variant of Tasks RCU enabled.
2025-06-09T09:26:51.551338+08:00 ralphdaniel kernel: rcu: RCU calculated value of scheduler-enlistment delay is 100 jiffies.
2025-06-09T09:26:51.551338+08:00 ralphdaniel kernel: rcu: Adjusting geometry for rcu_fanout_leaf=16, nr_cpu_ids=8
2025-06-09T09:26:51.551339+08:00 ralphdaniel kernel: RCU Tasks: Setting shift to 3 and lim to 1 rcu_task_cb_adjust=1 rcu_task_cpu_ids=8.
2025-06-09T09:26:51.551339+08:00 ralphdaniel kernel: RCU Tasks Rude: Setting shift to 3 and lim to 1 rcu_task_cb_adjust=1 rcu_task_cpu_ids=8.
2025-06-09T09:26:51.551339+08:00 ralphdaniel kernel: RCU Tasks Trace: Setting shift to 3 and lim to 1 rcu_task_cb_adjust=1 rcu_task_cpu_ids=8.
2025-06-09T09:26:51.551340+08:00 ralphdaniel kernel: NR_IRQS: 64, nr_irqs: 64, preallocated irqs: 0
2025-06-09T09:26:51.551340+08:00 ralphdaniel kernel: GICv3: 32 SPIs implemented
2025-06-09T09:26:51.551340+08:00 ralphdaniel kernel: GICv3: 0 Extended SPIs implemented
2025-06-09T09:26:51.551340+08:00 ralphdaniel kernel: Root IRQ handler: gic_handle_irq
2025-06-09T09:26:51.551341+08:00 ralphdaniel kernel: GICv3: GICv3 features: 16 PPIs
2025-06-09T09:26:51.551341+08:00 ralphdaniel kernel: GICv3: GICD_CTRL.DS=1, SCR_EL3.FIQ=0
2025-06-09T09:26:51.551341+08:00 ralphdaniel kernel: GICv3: CPU0: found redistributor 0 region 0:0x0000000237000000
2025-06-09T09:26:51.551342+08:00 ralphdaniel kernel: rcu: srcu_init: Setting srcu_struct sizes based on contention.
2025-06-09T09:26:51.551342+08:00 ralphdaniel kernel: arch_timer: cp15 timer(s) running at 24.00MHz (virt).
2025-06-09T09:26:51.551342+08:00 ralphdaniel kernel: clocksource: arch_sys_counter: mask: 0xffffffffffffff max_cycles: 0x588fe9dc0, max_idle_ns: 440795202592 ns
2025-06-09T09:26:51.551343+08:00 ralphdaniel kernel: sched_clock: 56 bits at 24MHz, resolution 41ns, wraps every 4398046511097ns
2025-06-09T09:26:51.551343+08:00 ralphdaniel kernel: Console: colour dummy device 80x25
2025-06-09T09:26:51.551343+08:00 ralphdaniel kernel: printk: legacy console [tty0] enabled
2025-06-09T09:26:51.551344+08:00 ralphdaniel kernel: Calibrating delay loop (skipped), value calculated using timer frequency.. 48.00 BogoMIPS (lpj=24000)
2025-06-09T09:26:51.551344+08:00 ralphdaniel kernel: pid_max: default: 32768 minimum: 301
2025-06-09T09:26:51.551344+08:00 ralphdaniel kernel: LSM: initializing lsm=lockdown,capability,landlock,yama,apparmor,ima,evm
2025-06-09T09:26:51.551345+08:00 ralphdaniel kernel: landlock: Up and running.
2025-06-09T09:26:51.551345+08:00 ralphdaniel kernel: Yama: becoming mindful.
2025-06-09T09:26:51.551345+08:00 ralphdaniel kernel: AppArmor: AppArmor initialized
2025-06-09T09:26:51.551346+08:00 ralphdaniel kernel: Mount-cache hash table entries: 16384 (order: 5, 131072 bytes, linear)
2025-06-09T09:26:51.551346+08:00 ralphdaniel kernel: Mountpoint-cache hash table entries: 16384 (order: 5, 131072 bytes, linear)
2025-06-09T09:26:51.551346+08:00 ralphdaniel kernel: cacheinfo: Unable to detect cache hierarchy for CPU 0
2025-06-09T09:26:51.551346+08:00 ralphdaniel kernel: rcu: Hierarchical SRCU implementation.
2025-06-09T09:26:51.551347+08:00 ralphdaniel kernel: rcu: 	Max phase no-delay instances is 400.
2025-06-09T09:26:51.551347+08:00 ralphdaniel kernel: Timer migration: 1 hierarchy levels; 8 children per group; 1 crossnode level
2025-06-09T09:26:51.551347+08:00 ralphdaniel kernel: Remapping and enabling EFI services.
2025-06-09T09:26:51.551348+08:00 ralphdaniel kernel: smp: Bringing up secondary CPUs ...
2025-06-09T09:26:51.551348+08:00 ralphdaniel kernel: Detected PIPT I-cache on CPU1
2025-06-09T09:26:51.551348+08:00 ralphdaniel kernel: GICv3: CPU1: found redistributor 1 region 0:0x0000000237020000
2025-06-09T09:26:51.551348+08:00 ralphdaniel kernel: CPU1: Booted secondary processor 0x0000000001 [0x610f0000]
2025-06-09T09:26:51.551349+08:00 ralphdaniel kernel: Detected PIPT I-cache on CPU2
2025-06-09T09:26:51.551349+08:00 ralphdaniel kernel: GICv3: CPU2: found redistributor 2 region 0:0x0000000237040000
2025-06-09T09:26:51.551350+08:00 ralphdaniel kernel: CPU2: Booted secondary processor 0x0000000002 [0x610f0000]
2025-06-09T09:26:51.551350+08:00 ralphdaniel kernel: Detected PIPT I-cache on CPU3
2025-06-09T09:26:51.551351+08:00 ralphdaniel kernel: GICv3: CPU3: found redistributor 3 region 0:0x0000000237060000
2025-06-09T09:26:51.551351+08:00 ralphdaniel kernel: CPU3: Booted secondary processor 0x0000000003 [0x610f0000]
2025-06-09T09:26:51.551352+08:00 ralphdaniel kernel: Detected PIPT I-cache on CPU4
2025-06-09T09:26:51.551353+08:00 ralphdaniel kernel: GICv3: CPU4: found redistributor 4 region 0:0x0000000237080000
2025-06-09T09:26:51.551353+08:00 ralphdaniel kernel: CPU4: Booted secondary processor 0x0000000004 [0x610f0000]
2025-06-09T09:26:51.551353+08:00 ralphdaniel kernel: Detected PIPT I-cache on CPU5
2025-06-09T09:26:51.551353+08:00 ralphdaniel kernel: GICv3: CPU5: found redistributor 5 region 0:0x00000002370a0000
2025-06-09T09:26:51.551354+08:00 ralphdaniel kernel: CPU5: Booted secondary processor 0x0000000005 [0x610f0000]
2025-06-09T09:26:51.551354+08:00 ralphdaniel kernel: Detected PIPT I-cache on CPU6
2025-06-09T09:26:51.551354+08:00 ralphdaniel kernel: GICv3: CPU6: found redistributor 6 region 0:0x00000002370c0000
2025-06-09T09:26:51.551355+08:00 ralphdaniel kernel: CPU6: Booted secondary processor 0x0000000006 [0x610f0000]
2025-06-09T09:26:51.551355+08:00 ralphdaniel kernel: Detected PIPT I-cache on CPU7
2025-06-09T09:26:51.551629+08:00 ralphdaniel kernel: GICv3: CPU7: found redistributor 7 region 0:0x00000002370e0000
2025-06-09T09:26:51.551630+08:00 ralphdaniel kernel: CPU7: Booted secondary processor 0x0000000007 [0x610f0000]
2025-06-09T09:26:51.551630+08:00 ralphdaniel kernel: smp: Brought up 1 node, 8 CPUs
2025-06-09T09:26:51.551631+08:00 ralphdaniel kernel: SMP: Total of 8 processors activated.
2025-06-09T09:26:51.551632+08:00 ralphdaniel kernel: CPU: All CPU(s) started at EL1
2025-06-09T09:26:51.551632+08:00 ralphdaniel kernel: CPU features: detected: ARMv8.4 Translation Table Level
2025-06-09T09:26:51.551632+08:00 ralphdaniel kernel: CPU features: detected: Data cache clean to the PoU not required for I/D coherence
2025-06-09T09:26:51.551632+08:00 ralphdaniel kernel: CPU features: detected: Common not Private translations
2025-06-09T09:26:51.551633+08:00 ralphdaniel kernel: CPU features: detected: CRC32 instructions
2025-06-09T09:26:51.551633+08:00 ralphdaniel kernel: CPU features: detected: Data cache clean to Point of Deep Persistence
2025-06-09T09:26:51.551634+08:00 ralphdaniel kernel: CPU features: detected: Data cache clean to Point of Persistence
2025-06-09T09:26:51.551634+08:00 ralphdaniel kernel: CPU features: detected: Data independent timing control (DIT)
2025-06-09T09:26:51.551634+08:00 ralphdaniel kernel: CPU features: detected: E0PD
2025-06-09T09:26:51.551634+08:00 ralphdaniel kernel: CPU features: detected: Enhanced Privileged Access Never
2025-06-09T09:26:51.551635+08:00 ralphdaniel kernel: CPU features: detected: Fine Grained Traps
2025-06-09T09:26:51.551635+08:00 ralphdaniel kernel: CPU features: detected: Generic authentication (IMP DEF algorithm)
2025-06-09T09:26:51.551635+08:00 ralphdaniel kernel: CPU features: detected: RCpc load-acquire (LDAPR)
2025-06-09T09:26:51.551636+08:00 ralphdaniel kernel: CPU features: detected: LSE atomic instructions
2025-06-09T09:26:51.551636+08:00 ralphdaniel kernel: CPU features: detected: Privileged Access Never
2025-06-09T09:26:51.551636+08:00 ralphdaniel kernel: CPU features: detected: RAS Extension Support
2025-06-09T09:26:51.551636+08:00 ralphdaniel kernel: CPU features: detected: Speculation barrier (SB)
2025-06-09T09:26:51.551637+08:00 ralphdaniel kernel: CPU features: detected: TLB range maintenance instructions
2025-06-09T09:26:51.551637+08:00 ralphdaniel kernel: alternatives: applying system-wide alternatives
2025-06-09T09:26:51.551637+08:00 ralphdaniel kernel: Memory: 7298584K/8241152K available (24640K kernel code, 5410K rwdata, 17960K rodata, 13504K init, 1194K bss, 898764K reserved, 32768K cma-reserved)
2025-06-09T09:26:51.551638+08:00 ralphdaniel kernel: devtmpfs: initialized
2025-06-09T09:26:51.551638+08:00 ralphdaniel kernel: setend instruction emulation is not supported on this system
2025-06-09T09:26:51.551638+08:00 ralphdaniel kernel: clocksource: jiffies: mask: 0xffffffff max_cycles: 0xffffffff, max_idle_ns: 1911260446275000 ns
2025-06-09T09:26:51.551639+08:00 ralphdaniel kernel: futex hash table entries: 2048 (order: 5, 131072 bytes, linear)
2025-06-09T09:26:51.551639+08:00 ralphdaniel kernel: 17040 pages in range for non-PLT usage
2025-06-09T09:26:51.551639+08:00 ralphdaniel kernel: 508560 pages in range for PLT usage
2025-06-09T09:26:51.551640+08:00 ralphdaniel kernel: pinctrl core: initialized pinctrl subsystem
2025-06-09T09:26:51.551640+08:00 ralphdaniel kernel: DMI not present or invalid.
2025-06-09T09:26:51.551640+08:00 ralphdaniel kernel: NET: Registered PF_NETLINK/PF_ROUTE protocol family
2025-06-09T09:26:51.551640+08:00 ralphdaniel kernel: DMA: preallocated 1024 KiB GFP_KERNEL pool for atomic allocations
2025-06-09T09:26:51.551641+08:00 ralphdaniel kernel: DMA: preallocated 1024 KiB GFP_KERNEL|GFP_DMA pool for atomic allocations
2025-06-09T09:26:51.551641+08:00 ralphdaniel kernel: DMA: preallocated 1024 KiB GFP_KERNEL|GFP_DMA32 pool for atomic allocations
2025-06-09T09:26:51.551641+08:00 ralphdaniel kernel: audit: initializing netlink subsys (disabled)
2025-06-09T09:26:51.551642+08:00 ralphdaniel kernel: thermal_sys: Registered thermal governor 'fair_share'
2025-06-09T09:26:51.551642+08:00 ralphdaniel kernel: thermal_sys: Registered thermal governor 'bang_bang'
2025-06-09T09:26:51.551642+08:00 ralphdaniel kernel: thermal_sys: Registered thermal governor 'step_wise'
2025-06-09T09:26:51.551642+08:00 ralphdaniel kernel: thermal_sys: Registered thermal governor 'user_space'
2025-06-09T09:26:51.551643+08:00 ralphdaniel kernel: thermal_sys: Registered thermal governor 'power_allocator'
2025-06-09T09:26:51.551643+08:00 ralphdaniel kernel: audit: type=2000 audit(0.082:1): state=initialized audit_enabled=0 res=1
2025-06-09T09:26:51.551644+08:00 ralphdaniel kernel: cpuidle: using governor ladder
2025-06-09T09:26:51.551644+08:00 ralphdaniel kernel: cpuidle: using governor menu
2025-06-09T09:26:51.551644+08:00 ralphdaniel kernel: hw-breakpoint: found 6 breakpoint and 4 watchpoint registers.
2025-06-09T09:26:51.551644+08:00 ralphdaniel kernel: ASID allocator initialised with 65536 entries
2025-06-09T09:26:51.551644+08:00 ralphdaniel kernel: Serial: AMBA PL011 UART driver
2025-06-09T09:26:51.551645+08:00 ralphdaniel kernel: HugeTLB: registered 1.00 GiB page size, pre-allocated 0 pages
2025-06-09T09:26:51.551645+08:00 ralphdaniel kernel: HugeTLB: 0 KiB vmemmap can be freed for a 1.00 GiB page
2025-06-09T09:26:51.551646+08:00 ralphdaniel kernel: HugeTLB: registered 32.0 MiB page size, pre-allocated 0 pages
2025-06-09T09:26:51.551646+08:00 ralphdaniel kernel: HugeTLB: 0 KiB vmemmap can be freed for a 32.0 MiB page
2025-06-09T09:26:51.551646+08:00 ralphdaniel kernel: HugeTLB: registered 2.00 MiB page size, pre-allocated 0 pages
2025-06-09T09:26:51.551646+08:00 ralphdaniel kernel: HugeTLB: 0 KiB vmemmap can be freed for a 2.00 MiB page
2025-06-09T09:26:51.551646+08:00 ralphdaniel kernel: HugeTLB: registered 64.0 KiB page size, pre-allocated 0 pages
2025-06-09T09:26:51.551647+08:00 ralphdaniel kernel: HugeTLB: 0 KiB vmemmap can be freed for a 64.0 KiB page
2025-06-09T09:26:51.551647+08:00 ralphdaniel kernel: ACPI: Interpreter disabled.
2025-06-09T09:26:51.551648+08:00 ralphdaniel kernel: iommu: Default domain type: Translated
2025-06-09T09:26:51.551648+08:00 ralphdaniel kernel: iommu: DMA domain TLB invalidation policy: strict mode
2025-06-09T09:26:51.551648+08:00 ralphdaniel kernel: SCSI subsystem initialized
2025-06-09T09:26:51.551648+08:00 ralphdaniel kernel: libata version 3.00 loaded.
2025-06-09T09:26:51.551649+08:00 ralphdaniel kernel: usbcore: registered new interface driver usbfs
2025-06-09T09:26:51.551649+08:00 ralphdaniel kernel: usbcore: registered new interface driver hub
2025-06-09T09:26:51.551649+08:00 ralphdaniel kernel: usbcore: registered new device driver usb
2025-06-09T09:26:51.551650+08:00 ralphdaniel kernel: pps_core: LinuxPPS API ver. 1 registered
2025-06-09T09:26:51.551650+08:00 ralphdaniel kernel: pps_core: Software ver. 5.3.6 - Copyright 2005-2007 Rodolfo Giometti <giometti@linux.it>
2025-06-09T09:26:51.551650+08:00 ralphdaniel kernel: PTP clock support registered
2025-06-09T09:26:51.551650+08:00 ralphdaniel kernel: EDAC MC: Ver: 3.0.0
2025-06-09T09:26:51.551651+08:00 ralphdaniel kernel: scmi_core: SCMI protocol bus registered
2025-06-09T09:26:51.551651+08:00 ralphdaniel kernel: efivars: Registered efivars operations
2025-06-09T09:26:51.551652+08:00 ralphdaniel kernel: NetLabel: Initializing
2025-06-09T09:26:51.551652+08:00 ralphdaniel kernel: NetLabel:  domain hash size = 128
2025-06-09T09:26:51.551652+08:00 ralphdaniel kernel: NetLabel:  protocols = UNLABELED CIPSOv4 CALIPSO
2025-06-09T09:26:51.551652+08:00 ralphdaniel kernel: NetLabel:  unlabeled traffic allowed by default
2025-06-09T09:26:51.551653+08:00 ralphdaniel kernel: mctp: management component transport protocol core
2025-06-09T09:26:51.551653+08:00 ralphdaniel kernel: NET: Registered PF_MCTP protocol family
2025-06-09T09:26:51.551659+08:00 ralphdaniel kernel: vgaarb: loaded
2025-06-09T09:26:51.551659+08:00 ralphdaniel kernel: clocksource: Switched to clocksource arch_sys_counter
2025-06-09T09:26:51.551660+08:00 ralphdaniel kernel: VFS: Disk quotas dquot_6.6.0
2025-06-09T09:26:51.551660+08:00 ralphdaniel kernel: VFS: Dquot-cache hash table entries: 512 (order 0, 4096 bytes)
2025-06-09T09:26:51.551660+08:00 ralphdaniel kernel: AppArmor: AppArmor Filesystem Enabled
2025-06-09T09:26:51.551662+08:00 ralphdaniel kernel: pnp: PnP ACPI: disabled
2025-06-09T09:26:51.551662+08:00 ralphdaniel kernel: NET: Registered PF_INET protocol family
2025-06-09T09:26:51.551662+08:00 ralphdaniel kernel: IP idents hash table entries: 131072 (order: 8, 1048576 bytes, linear)
2025-06-09T09:26:51.551663+08:00 ralphdaniel kernel: tcp_listen_portaddr_hash hash table entries: 4096 (order: 4, 65536 bytes, linear)
2025-06-09T09:26:51.551663+08:00 ralphdaniel kernel: Table-perturb hash table entries: 65536 (order: 6, 262144 bytes, linear)
2025-06-09T09:26:51.551663+08:00 ralphdaniel kernel: TCP established hash table entries: 65536 (order: 7, 524288 bytes, linear)
2025-06-09T09:26:51.551664+08:00 ralphdaniel kernel: TCP bind hash table entries: 65536 (order: 9, 2097152 bytes, linear)
2025-06-09T09:26:51.551664+08:00 ralphdaniel kernel: TCP: Hash tables configured (established 65536 bind 65536)
2025-06-09T09:26:51.551664+08:00 ralphdaniel kernel: MPTCP token hash table entries: 8192 (order: 5, 196608 bytes, linear)
2025-06-09T09:26:51.551665+08:00 ralphdaniel kernel: UDP hash table entries: 4096 (order: 6, 262144 bytes, linear)
2025-06-09T09:26:51.551665+08:00 ralphdaniel kernel: UDP-Lite hash table entries: 4096 (order: 6, 262144 bytes, linear)
2025-06-09T09:26:51.551665+08:00 ralphdaniel kernel: NET: Registered PF_UNIX/PF_LOCAL protocol family
2025-06-09T09:26:51.551667+08:00 ralphdaniel kernel: NET: Registered PF_XDP protocol family
2025-06-09T09:26:51.551668+08:00 ralphdaniel kernel: PCI: CLS 0 bytes, default 64
2025-06-09T09:26:51.551668+08:00 ralphdaniel kernel: Trying to unpack rootfs image as initramfs...
2025-06-09T09:26:51.551668+08:00 ralphdaniel kernel: kvm [1]: HYP mode not available
2025-06-09T09:26:51.551669+08:00 ralphdaniel kernel: Initialise system trusted keyrings
2025-06-09T09:26:51.551669+08:00 ralphdaniel kernel: Key type blacklist registered
2025-06-09T09:26:51.551669+08:00 ralphdaniel kernel: workingset: timestamp_bits=40 max_order=21 bucket_order=0
2025-06-09T09:26:51.551670+08:00 ralphdaniel kernel: zbud: loaded
2025-06-09T09:26:51.551670+08:00 ralphdaniel kernel: squashfs: version 4.0 (2009/01/31) Phillip Lougher
2025-06-09T09:26:51.551671+08:00 ralphdaniel kernel: fuse: init (API version 7.42)
2025-06-09T09:26:51.551671+08:00 ralphdaniel kernel: integrity: Platform Keyring initialized
2025-06-09T09:26:51.551671+08:00 ralphdaniel kernel: integrity: Machine keyring initialized
2025-06-09T09:26:51.551671+08:00 ralphdaniel kernel: Key type asymmetric registered
2025-06-09T09:26:51.551672+08:00 ralphdaniel kernel: Asymmetric key parser 'x509' registered
2025-06-09T09:26:51.551673+08:00 ralphdaniel kernel: Block layer SCSI generic (bsg) driver version 0.4 loaded (major 242)
2025-06-09T09:26:51.551673+08:00 ralphdaniel kernel: io scheduler mq-deadline registered
2025-06-09T09:26:51.551673+08:00 ralphdaniel kernel: pl061_gpio 238011000.pl061: PL061 GPIO chip registered
2025-06-09T09:26:51.551673+08:00 ralphdaniel kernel: ledtrig-cpu: registered to indicate activity on CPUs
2025-06-09T09:26:51.551674+08:00 ralphdaniel kernel: shpchp: Standard Hot Plug PCI Controller Driver version: 0.4
2025-06-09T09:26:51.551674+08:00 ralphdaniel kernel: pci-host-generic 238030000.pcie: host bridge /pcie@0000000239030000 ranges:
2025-06-09T09:26:51.551675+08:00 ralphdaniel kernel: pci-host-generic 238030000.pcie:       IO 0x0238020000..0x023802ffff -> 0x0000000000
2025-06-09T09:26:51.551675+08:00 ralphdaniel kernel: pci-host-generic 238030000.pcie:      MEM 0x0008100000..0x003fffffff -> 0x0008100000
2025-06-09T09:26:51.551675+08:00 ralphdaniel kernel: pci-host-generic 238030000.pcie:      MEM 0x0239030000..0x02b902ffff -> 0x0239030000
2025-06-09T09:26:51.551692+08:00 ralphdaniel kernel: pci-host-generic 238030000.pcie: ECAM at [mem 0x238030000-0x23902ffff] for [bus 00-0f]
2025-06-09T09:26:51.551692+08:00 ralphdaniel kernel: pci-host-generic 238030000.pcie: PCI host bridge to bus 0000:00
2025-06-09T09:26:51.551692+08:00 ralphdaniel kernel: pci_bus 0000:00: root bus resource [bus 00-0f]
2025-06-09T09:26:51.551693+08:00 ralphdaniel kernel: pci_bus 0000:00: root bus resource [io  0x0000-0xffff]
2025-06-09T09:26:51.551694+08:00 ralphdaniel kernel: pci_bus 0000:00: root bus resource [mem 0x08100000-0x3fffffff]
2025-06-09T09:26:51.551694+08:00 ralphdaniel kernel: pci_bus 0000:00: root bus resource [mem 0x239030000-0x2b902ffff]
2025-06-09T09:26:51.551694+08:00 ralphdaniel kernel: pci 0000:00:00.0: [15ad:0406] type 00 class 0x030000 conventional PCI endpoint
2025-06-09T09:26:51.551695+08:00 ralphdaniel kernel: pci 0000:00:00.0: BAR 0 [mem 0x0a400000-0x0a7fffff]
2025-06-09T09:26:51.551695+08:00 ralphdaniel kernel: pci 0000:00:00.0: BAR 2 [mem 0x09000000-0x09ffffff pref]
2025-06-09T09:26:51.551696+08:00 ralphdaniel kernel: pci 0000:00:00.0: vgaarb: setting as boot VGA device
2025-06-09T09:26:51.551696+08:00 ralphdaniel kernel: pci 0000:00:00.0: vgaarb: bridge control possible
2025-06-09T09:26:51.551697+08:00 ralphdaniel kernel: pci 0000:00:00.0: vgaarb: VGA device added: decodes=io+mem,owns=io+mem,locks=none
2025-06-09T09:26:51.551697+08:00 ralphdaniel kernel: pci 0000:00:01.0: [80ee:cafe] type 00 class 0x088000 conventional PCI endpoint
2025-06-09T09:26:51.551697+08:00 ralphdaniel kernel: pci 0000:00:01.0: BAR 0 [io  0x0000-0x001f]
2025-06-09T09:26:51.551698+08:00 ralphdaniel kernel: pci 0000:00:01.0: BAR 1 [mem 0x0a000000-0x0a3fffff]
2025-06-09T09:26:51.551698+08:00 ralphdaniel kernel: pci 0000:00:01.0: BAR 3 [mem 0x0a836000-0x0a836fff]
2025-06-09T09:26:51.551699+08:00 ralphdaniel kernel: pci 0000:00:02.0: [8086:2668] type 00 class 0x040300 conventional PCI endpoint
2025-06-09T09:26:51.551699+08:00 ralphdaniel kernel: pci 0000:00:02.0: BAR 0 [mem 0x0a830000-0x0a833fff]
2025-06-09T09:26:51.551699+08:00 ralphdaniel kernel: pci 0000:00:03.0: [1af4:1048] type 00 class 0x010000 conventional PCI endpoint
2025-06-09T09:26:51.551700+08:00 ralphdaniel kernel: pci 0000:00:03.0: BAR 2 [mem 0x0a834000-0x0a835fff]
2025-06-09T09:26:51.551700+08:00 ralphdaniel kernel: pci 0000:00:06.0: [8086:1e31] type 00 class 0x0c0330 conventional PCI endpoint
2025-06-09T09:26:51.551700+08:00 ralphdaniel kernel: pci 0000:00:06.0: BAR 0 [mem 0x0a820000-0x0a82ffff]
2025-06-09T09:26:51.551701+08:00 ralphdaniel kernel: pci 0000:00:08.0: [8086:100e] type 00 class 0x020000 conventional PCI endpoint
2025-06-09T09:26:51.551702+08:00 ralphdaniel kernel: pci 0000:00:08.0: BAR 0 [mem 0x0a800000-0x0a81ffff]
2025-06-09T09:26:51.551702+08:00 ralphdaniel kernel: pci 0000:00:08.0: BAR 2 [io  0x0020-0x0027]
2025-06-09T09:26:51.551703+08:00 ralphdaniel kernel: pci 0000:00:00.0: BAR 2 [mem 0x09000000-0x09ffffff pref]: assigned
2025-06-09T09:26:51.551703+08:00 ralphdaniel kernel: pci 0000:00:00.0: BAR 0 [mem 0x08400000-0x087fffff]: assigned
2025-06-09T09:26:51.551703+08:00 ralphdaniel kernel: pci 0000:00:01.0: BAR 1 [mem 0x08800000-0x08bfffff]: assigned
2025-06-09T09:26:51.551704+08:00 ralphdaniel kernel: pci 0000:00:08.0: BAR 0 [mem 0x08100000-0x0811ffff]: assigned
2025-06-09T09:26:51.551704+08:00 ralphdaniel kernel: pci 0000:00:06.0: BAR 0 [mem 0x08120000-0x0812ffff]: assigned
2025-06-09T09:26:51.551705+08:00 ralphdaniel kernel: pci 0000:00:02.0: BAR 0 [mem 0x08130000-0x08133fff]: assigned
2025-06-09T09:26:51.551705+08:00 ralphdaniel kernel: pci 0000:00:03.0: BAR 2 [mem 0x08134000-0x08135fff]: assigned
2025-06-09T09:26:51.551705+08:00 ralphdaniel kernel: pci 0000:00:01.0: BAR 3 [mem 0x08136000-0x08136fff]: assigned
2025-06-09T09:26:51.551705+08:00 ralphdaniel kernel: pci 0000:00:01.0: BAR 0 [io  0x1000-0x101f]: assigned
2025-06-09T09:26:51.551706+08:00 ralphdaniel kernel: pci 0000:00:08.0: BAR 2 [io  0x1020-0x1027]: assigned
2025-06-09T09:26:51.551707+08:00 ralphdaniel kernel: pci_bus 0000:00: resource 4 [io  0x0000-0xffff]
2025-06-09T09:26:51.551707+08:00 ralphdaniel kernel: pci_bus 0000:00: resource 5 [mem 0x08100000-0x3fffffff]
2025-06-09T09:26:51.551707+08:00 ralphdaniel kernel: pci_bus 0000:00: resource 6 [mem 0x239030000-0x2b902ffff]
2025-06-09T09:26:51.551707+08:00 ralphdaniel kernel: pci 0000:00:06.0: enabling device (0010 -> 0012)
2025-06-09T09:26:51.551708+08:00 ralphdaniel kernel: Serial: 8250/16550 driver, 32 ports, IRQ sharing enabled
2025-06-09T09:26:51.551708+08:00 ralphdaniel kernel: msm_serial: driver initialized
2025-06-09T09:26:51.551709+08:00 ralphdaniel kernel: SuperH (H)SCI(F) driver initialized
2025-06-09T09:26:51.551709+08:00 ralphdaniel kernel: loop: module loaded
2025-06-09T09:26:51.551709+08:00 ralphdaniel kernel: virtio_scsi virtio0: 4/0/0 default/read/poll queues
2025-06-09T09:26:51.551710+08:00 ralphdaniel kernel: scsi host0: Virtio SCSI HBA
2025-06-09T09:26:51.551710+08:00 ralphdaniel kernel: tun: Universal TUN/TAP device driver, 1.6
2025-06-09T09:26:51.551710+08:00 ralphdaniel kernel: PPP generic driver version 2.4.2
2025-06-09T09:26:51.551710+08:00 ralphdaniel kernel: scsi 0:0:0:0: Direct-Access     VBOX     HARDDISK         1.0  PQ: 0 ANSI: 5
2025-06-09T09:26:51.551711+08:00 ralphdaniel kernel: xhci_hcd 0000:00:06.0: xHCI Host Controller
2025-06-09T09:26:51.551712+08:00 ralphdaniel kernel: xhci_hcd 0000:00:06.0: new USB bus registered, assigned bus number 1
2025-06-09T09:26:51.551712+08:00 ralphdaniel kernel: xhci_hcd 0000:00:06.0: hcc params 0x04000000 hci version 0x100 quirks 0x000000000000b930
2025-06-09T09:26:51.551712+08:00 ralphdaniel kernel: xhci_hcd 0000:00:06.0: xHCI Host Controller
2025-06-09T09:26:51.551712+08:00 ralphdaniel kernel: xhci_hcd 0000:00:06.0: new USB bus registered, assigned bus number 2
2025-06-09T09:26:51.551713+08:00 ralphdaniel kernel: xhci_hcd 0000:00:06.0: Host supports USB 3.0 SuperSpeed
2025-06-09T09:26:51.551713+08:00 ralphdaniel kernel: usb usb1: New USB device found, idVendor=1d6b, idProduct=0002, bcdDevice= 6.14
2025-06-09T09:26:51.551714+08:00 ralphdaniel kernel: usb usb1: New USB device strings: Mfr=3, Product=2, SerialNumber=1
2025-06-09T09:26:51.551714+08:00 ralphdaniel kernel: usb usb1: Product: xHCI Host Controller
2025-06-09T09:26:51.551714+08:00 ralphdaniel kernel: usb usb1: Manufacturer: Linux 6.14.0-15-generic xhci-hcd
2025-06-09T09:26:51.551714+08:00 ralphdaniel kernel: usb usb1: SerialNumber: 0000:00:06.0
2025-06-09T09:26:51.551715+08:00 ralphdaniel kernel: hub 1-0:1.0: USB hub found
2025-06-09T09:26:51.551715+08:00 ralphdaniel kernel: hub 1-0:1.0: 8 ports detected
2025-06-09T09:26:51.551716+08:00 ralphdaniel kernel: usb usb2: New USB device found, idVendor=1d6b, idProduct=0003, bcdDevice= 6.14
2025-06-09T09:26:51.551716+08:00 ralphdaniel kernel: usb usb2: New USB device strings: Mfr=3, Product=2, SerialNumber=1
2025-06-09T09:26:51.551716+08:00 ralphdaniel kernel: usb usb2: Product: xHCI Host Controller
2025-06-09T09:26:51.551717+08:00 ralphdaniel kernel: usb usb2: Manufacturer: Linux 6.14.0-15-generic xhci-hcd
2025-06-09T09:26:51.551717+08:00 ralphdaniel kernel: usb usb2: SerialNumber: 0000:00:06.0
2025-06-09T09:26:51.551717+08:00 ralphdaniel kernel: hub 2-0:1.0: USB hub found
2025-06-09T09:26:51.551718+08:00 ralphdaniel kernel: hub 2-0:1.0: 6 ports detected
2025-06-09T09:26:51.551718+08:00 ralphdaniel kernel: mousedev: PS/2 mouse device common for all mice
2025-06-09T09:26:51.551719+08:00 ralphdaniel kernel: rtc-efi rtc-efi.0: registered as rtc0
2025-06-09T09:26:51.551719+08:00 ralphdaniel kernel: rtc-efi rtc-efi.0: setting system clock to 2025-06-09T01:26:45 UTC (1749432405)
2025-06-09T09:26:51.551719+08:00 ralphdaniel kernel: i2c_dev: i2c /dev entries driver
2025-06-09T09:26:51.551719+08:00 ralphdaniel kernel: device-mapper: core: CONFIG_IMA_DISABLE_HTABLE is disabled. Duplicate IMA measurements will not be recorded in the IMA log.
2025-06-09T09:26:51.551720+08:00 ralphdaniel kernel: device-mapper: uevent: version 1.0.3
2025-06-09T09:26:51.551721+08:00 ralphdaniel kernel: device-mapper: ioctl: 4.49.0-ioctl (2025-01-17) initialised: dm-devel@lists.linux.dev
2025-06-09T09:26:51.551721+08:00 ralphdaniel kernel: simple-framebuffer simple-framebuffer.0: [drm] Registered 1 planes with drm panic
2025-06-09T09:26:51.551721+08:00 ralphdaniel kernel: [drm] Initialized simpledrm 1.0.0 for simple-framebuffer.0 on minor 0
2025-06-09T09:26:51.551721+08:00 ralphdaniel kernel: fbcon: Deferring console take-over
2025-06-09T09:26:51.551722+08:00 ralphdaniel kernel: simple-framebuffer simple-framebuffer.0: [drm] fb0: simpledrmdrmfb frame buffer device
2025-06-09T09:26:51.551722+08:00 ralphdaniel kernel: watchdog: NMI not fully supported
2025-06-09T09:26:51.551723+08:00 ralphdaniel kernel: watchdog: Hard watchdog permanently disabled
2025-06-09T09:26:51.551723+08:00 ralphdaniel kernel: drop_monitor: Initializing network drop monitor service
2025-06-09T09:26:51.551723+08:00 ralphdaniel kernel: NET: Registered PF_INET6 protocol family
2025-06-09T09:26:51.551723+08:00 ralphdaniel kernel: Freeing initrd memory: 78444K
2025-06-09T09:26:51.551724+08:00 ralphdaniel kernel: scsi 0:0:1:0: CD-ROM            VBOX     CD-ROM           1.0  PQ: 0 ANSI: 5
2025-06-09T09:26:51.551724+08:00 ralphdaniel kernel: sd 0:0:0:0: Attached scsi generic sg0 type 0
2025-06-09T09:26:51.551725+08:00 ralphdaniel kernel: sd 0:0:0:0: [sda] 209715200 512-byte logical blocks: (107 GB/100 GiB)
2025-06-09T09:26:51.551725+08:00 ralphdaniel kernel: sd 0:0:0:0: [sda] Write Protect is off
2025-06-09T09:26:51.551725+08:00 ralphdaniel kernel: sd 0:0:0:0: [sda] Mode Sense: 04 00 10 00
2025-06-09T09:26:51.551726+08:00 ralphdaniel kernel: sd 0:0:0:0: [sda] Incomplete mode parameter data
2025-06-09T09:26:51.551726+08:00 ralphdaniel kernel: sd 0:0:0:0: [sda] Assuming drive cache: write through
2025-06-09T09:26:51.551726+08:00 ralphdaniel kernel: Segment Routing with IPv6
2025-06-09T09:26:51.551727+08:00 ralphdaniel kernel: In-situ OAM (IOAM) with IPv6
2025-06-09T09:26:51.551727+08:00 ralphdaniel kernel: NET: Registered PF_PACKET protocol family
2025-06-09T09:26:51.551727+08:00 ralphdaniel kernel: Key type dns_resolver registered
2025-06-09T09:26:51.551728+08:00 ralphdaniel kernel: registered taskstats version 1
2025-06-09T09:26:51.551728+08:00 ralphdaniel kernel: Loading compiled-in X.509 certificates
2025-06-09T09:26:51.551728+08:00 ralphdaniel kernel: Loaded X.509 cert 'Build time autogenerated kernel key: 401015efbdbbc68884521c9d3218e887e37a566c'
2025-06-09T09:26:51.551729+08:00 ralphdaniel kernel: Loaded X.509 cert 'Canonical Ltd. Live Patch Signing: 14df34d1a87cf37625abec039ef2bf521249b969'
2025-06-09T09:26:51.551729+08:00 ralphdaniel kernel: Loaded X.509 cert 'Canonical Ltd. Kernel Module Signing: 88f752e560a1e0737e31163a466ad7b70a850c19'
2025-06-09T09:26:51.551730+08:00 ralphdaniel kernel: blacklist: Loading compiled-in revocation X.509 certificates
2025-06-09T09:26:51.551730+08:00 ralphdaniel kernel: Loaded X.509 cert 'Canonical Ltd. Secure Boot Signing: 61482aa2830d0ab2ad5af10b7250da9033ddcef0'
2025-06-09T09:26:51.551730+08:00 ralphdaniel kernel: Loaded X.509 cert 'Canonical Ltd. Secure Boot Signing (2017): 242ade75ac4a15e50d50c84b0d45ff3eae707a03'
2025-06-09T09:26:51.551730+08:00 ralphdaniel kernel: Loaded X.509 cert 'Canonical Ltd. Secure Boot Signing (ESM 2018): 365188c1d374d6b07c3c8f240f8ef722433d6a8b'
2025-06-09T09:26:51.551731+08:00 ralphdaniel kernel: Loaded X.509 cert 'Canonical Ltd. Secure Boot Signing (2019): c0746fd6c5da3ae827864651ad66ae47fe24b3e8'
2025-06-09T09:26:51.551732+08:00 ralphdaniel kernel: Loaded X.509 cert 'Canonical Ltd. Secure Boot Signing (2021 v1): a8d54bbb3825cfb94fa13c9f8a594a195c107b8d'
2025-06-09T09:26:51.551746+08:00 ralphdaniel kernel: Loaded X.509 cert 'Canonical Ltd. Secure Boot Signing (2021 v2): 4cf046892d6fd3c9a5b03f98d845f90851dc6a8c'
2025-06-09T09:26:51.551746+08:00 ralphdaniel kernel: Loaded X.509 cert 'Canonical Ltd. Secure Boot Signing (2021 v3): 100437bb6de6e469b581e61cd66bce3ef4ed53af'
2025-06-09T09:26:51.551746+08:00 ralphdaniel kernel: Loaded X.509 cert 'Canonical Ltd. Secure Boot Signing (Ubuntu Core 2019): c1d57b8f6b743f23ee41f4f7ee292f06eecadfb9'
2025-06-09T09:26:51.551747+08:00 ralphdaniel kernel: Demotion targets for Node 0: null
2025-06-09T09:26:51.551748+08:00 ralphdaniel kernel: Key type .fscrypt registered
2025-06-09T09:26:51.551748+08:00 ralphdaniel kernel: Key type fscrypt-provisioning registered
2025-06-09T09:26:51.551748+08:00 ralphdaniel kernel: sr 0:0:1:0: [sr0] scsi-1 drive
2025-06-09T09:26:51.551748+08:00 ralphdaniel kernel: cdrom: Uniform CD-ROM driver Revision: 3.20
2025-06-09T09:26:51.551749+08:00 ralphdaniel kernel: sr 0:0:1:0: Attached scsi CD-ROM sr0
2025-06-09T09:26:51.551749+08:00 ralphdaniel kernel: sr 0:0:1:0: Attached scsi generic sg1 type 5
2025-06-09T09:26:51.551749+08:00 ralphdaniel kernel: Key type encrypted registered
2025-06-09T09:26:51.551750+08:00 ralphdaniel kernel: AppArmor: AppArmor sha256 policy hashing enabled
2025-06-09T09:26:51.551750+08:00 ralphdaniel kernel: ima: secureboot mode disabled
2025-06-09T09:26:51.551751+08:00 ralphdaniel kernel: ima: No TPM chip found, activating TPM-bypass!
2025-06-09T09:26:51.551751+08:00 ralphdaniel kernel: Loading compiled-in module X.509 certificates
2025-06-09T09:26:51.551751+08:00 ralphdaniel kernel: Loaded X.509 cert 'Build time autogenerated kernel key: 401015efbdbbc68884521c9d3218e887e37a566c'
2025-06-09T09:26:51.551751+08:00 ralphdaniel kernel: ima: Allocated hash algorithm: sha256
2025-06-09T09:26:51.551752+08:00 ralphdaniel kernel: ima: No architecture policies found
2025-06-09T09:26:51.551753+08:00 ralphdaniel kernel: evm: Initialising EVM extended attributes:
2025-06-09T09:26:51.551753+08:00 ralphdaniel kernel: evm: security.selinux
2025-06-09T09:26:51.551753+08:00 ralphdaniel kernel: evm: security.SMACK64
2025-06-09T09:26:51.551753+08:00 ralphdaniel kernel: evm: security.SMACK64EXEC
2025-06-09T09:26:51.551754+08:00 ralphdaniel kernel: evm: security.SMACK64TRANSMUTE
2025-06-09T09:26:51.551754+08:00 ralphdaniel kernel: evm: security.SMACK64MMAP
2025-06-09T09:26:51.551755+08:00 ralphdaniel kernel: evm: security.apparmor
2025-06-09T09:26:51.551755+08:00 ralphdaniel kernel: evm: security.ima
2025-06-09T09:26:51.551755+08:00 ralphdaniel kernel: evm: security.capability
2025-06-09T09:26:51.551755+08:00 ralphdaniel kernel: evm: HMAC attrs: 0x1
2025-06-09T09:26:51.551756+08:00 ralphdaniel kernel: clk: Disabling unused clocks
2025-06-09T09:26:51.551756+08:00 ralphdaniel kernel: PM: genpd: Disabling unused power domains
2025-06-09T09:26:51.551757+08:00 ralphdaniel kernel:  sda: sda1 sda2
2025-06-09T09:26:51.551757+08:00 ralphdaniel kernel: sd 0:0:0:0: [sda] Attached SCSI disk
2025-06-09T09:26:51.551757+08:00 ralphdaniel kernel: Freeing unused kernel memory: 13504K
2025-06-09T09:26:51.551757+08:00 ralphdaniel kernel: Checked W+X mappings: passed, no W+X pages found
2025-06-09T09:26:51.551758+08:00 ralphdaniel kernel: Run /init as init process
2025-06-09T09:26:51.551758+08:00 ralphdaniel kernel:   with arguments:
2025-06-09T09:26:51.551759+08:00 ralphdaniel kernel:     /init
2025-06-09T09:26:51.551759+08:00 ralphdaniel kernel:     splash
2025-06-09T09:26:51.551759+08:00 ralphdaniel kernel:   with environment:
2025-06-09T09:26:51.551760+08:00 ralphdaniel kernel:     HOME=/
2025-06-09T09:26:51.551760+08:00 ralphdaniel kernel:     TERM=linux
2025-06-09T09:26:51.551760+08:00 ralphdaniel kernel:     BOOT_IMAGE=/boot/vmlinuz-6.14.0-15-generic
2025-06-09T09:26:51.551760+08:00 ralphdaniel kernel: usb 1-1: new full-speed USB device number 2 using xhci_hcd
2025-06-09T09:26:51.551761+08:00 ralphdaniel kernel: usb 1-1: New USB device found, idVendor=80ee, idProduct=0010, bcdDevice= 1.00
2025-06-09T09:26:51.551762+08:00 ralphdaniel kernel: usb 1-1: New USB device strings: Mfr=1, Product=2, SerialNumber=0
2025-06-09T09:26:51.551762+08:00 ralphdaniel kernel: usb 1-1: Product: USB Keyboard
2025-06-09T09:26:51.551762+08:00 ralphdaniel kernel: usb 1-1: Manufacturer: VirtualBox
2025-06-09T09:26:51.551762+08:00 ralphdaniel kernel: e1000: Intel(R) PRO/1000 Network Driver
2025-06-09T09:26:51.551763+08:00 ralphdaniel kernel: e1000: Copyright (c) 1999-2006 Intel Corporation.
2025-06-09T09:26:51.551764+08:00 ralphdaniel kernel: e1000 0000:00:08.0: enabling device (0010 -> 0013)
2025-06-09T09:26:51.551765+08:00 ralphdaniel kernel: input: gpio-keys as /devices/platform/gpio-keys/input/input0
2025-06-09T09:26:51.551765+08:00 ralphdaniel kernel: usb 1-2: new full-speed USB device number 3 using xhci_hcd
